[    1400ms] [INFO] [HotReload] CLI hot reload disabled - No hot reload port specified. @ https://idiomfragrances.com/cdn/shopifycloud/theme-hot-reload/theme-hot-reload.js:316
[    1431ms] [WARNING] Error in section: template--29242090586489__section-banner-image @ https://idiomfragrances.com/cdn/shop/t/10/assets/theme.js?v=34326308044882033111783077723:8
[    1431ms] [WARNING] T @ https://idiomfragrances.com/cdn/shop/t/10/assets/theme.js?v=34326308044882033111783077723:8
[    1431ms] [WARNING] TypeError: Cannot read properties of null (reading 'querySelectorAll')
    at Object.handleImageAnimation (https://idiomfragrances.com/cdn/shop/t/10/assets/theme.js?v=34326308044882033111783077723:9:241921)
    at Object.init (https://idiomfragrances.com/cdn/shop/t/10/assets/theme.js?v=34326308044882033111783077723:9:241470)
    at new <anonymous> (https://idiomfragrances.com/cdn/shop/t/10/assets/theme.js?v=34326308044882033111783077723:9:242446)
    at Object.onLoad (https://idiomfragrances.com/cdn/shop/t/10/assets/theme.js?v=34326308044882033111783077723:9:241445)
    at https://idiomfragrances.com/cdn/shop/t/10/assets/theme.js?v=34326308044882033111783077723:9:3081
    at Array.forEach (<anonymous>)
    at T.callFunctions (https://idiomfragrances.com/cdn/shop/t/10/assets/theme.js?v=34326308044882033111783077723:9:2991)
    at T.onLoad (https://idiomfragrances.com/cdn/shop/t/10/assets/theme.js?v=34326308044882033111783077723:9:3106)
    at new T (https://idiomfragrances.com/cdn/shop/t/10/assets/theme.js?v=34326308044882033111783077723:9:3866)
    at https://idiomfragrances.com/cdn/shop/t/10/assets/theme.js?v=34326308044882033111783077723:9:4620 @ https://idiomfragrances.com/cdn/shop/t/10/assets/theme.js?v=34326308044882033111783077723:8
[    6492ms] [VERBOSE] Rendering was performed in a subtree hidden by content-visibility. @ :3338
[    6494ms] [VERBOSE] Rendering was performed in a subtree hidden by content-visibility. @ :3338
[    6495ms] [VERBOSE] Rendering was performed in a subtree hidden by content-visibility. @ :2971
[   31365ms] [ERROR] Failed to load resource: net::ERR_TIMED_OUT @ https://shop.app/checkouts/internal/preloads.js?locale=en-GB&shop_id=91491172729:0
[   34470ms] [WARNING] The resource https://idiomfragrances.com/cdn/shop/t/10/assets/loading.svg?v=91665432863842511931783077723 was preloaded using link preload but not used within a few seconds from the window's load event. Please make sure it has an appropriate `as` value and it is preloaded intentionally. @ https://idiomfragrances.com/?pb=0:0
[   34470ms] [WARNING] The resource https://idiomfragrances.com/cdn/shop/files/idiom_logo_black_150x45.png?v=1746711320 was preloaded using link preload but not used within a few seconds from the window's load event. Please make sure it has an appropriate `as` value and it is preloaded intentionally. @ https://idiomfragrances.com/?pb=0:0
[   40540ms] [WARNING] The resource https://idiomfragrances.com/cdn/shop/t/10/assets/loading.svg?v=91665432863842511931783077723 was preloaded using link preload but not used within a few seconds from the window's load event. Please make sure it has an appropriate `as` value and it is preloaded intentionally. @ https://idiomfragrances.com/?pb=0:0
[   40540ms] [WARNING] The resource https://idiomfragrances.com/cdn/shop/files/idiom_logo_black_150x45.png?v=1746711320 was preloaded using link preload but not used within a few seconds from the window's load event. Please make sure it has an appropriate `as` value and it is preloaded intentionally. @ https://idiomfragrances.com/?pb=0:0
[   45872ms] [WARNING] The resource https://idiomfragrances.com/cdn/shop/t/10/assets/loading.svg?v=91665432863842511931783077723 was preloaded using link preload but not used within a few seconds from the window's load event. Please make sure it has an appropriate `as` value and it is preloaded intentionally. @ https://idiomfragrances.com/?pb=0:0
[   45872ms] [WARNING] The resource https://idiomfragrances.com/cdn/shop/files/idiom_logo_black_150x45.png?v=1746711320 was preloaded using link preload but not used within a few seconds from the window's load event. Please make sure it has an appropriate `as` value and it is preloaded intentionally. @ https://idiomfragrances.com/?pb=0:0
[   71238ms] [WARNING] The resource https://idiomfragrances.com/cdn/shop/t/10/assets/loading.svg?v=91665432863842511931783077723 was preloaded using link preload but not used within a few seconds from the window's load event. Please make sure it has an appropriate `as` value and it is preloaded intentionally. @ https://idiomfragrances.com/?pb=0:0
[   71238ms] [WARNING] The resource https://idiomfragrances.com/cdn/shop/files/idiom_logo_black_150x45.png?v=1746711320 was preloaded using link preload but not used within a few seconds from the window's load event. Please make sure it has an appropriate `as` value and it is preloaded intentionally. @ https://idiomfragrances.com/?pb=0:0
