[    1054ms] [LOG] AZ: Google Font & Custom Fonts v1.0.3 @ https://idiomfragrances.com/products/3d-amp-100ml-copy?pb=0:814
[    1191ms] ReferenceError: jdgm is not defined
    at https://idiomfragrances.com/products/3d-amp-100ml-copy?pb=0:4191:3
[    1200ms] [INFO] [HotReload] CLI hot reload disabled - No hot reload port specified. @ https://idiomfragrances.com/cdn/shopifycloud/theme-hot-reload/theme-hot-reload.js:316
[    1257ms] Uncaught ReferenceError: jdgmSettings is not defined
    at <anonymous> (https://cdnwidget.judge.me/shopify_v2.js:9:30529)
    at <anonymous> (https://cdnwidget.judge.me/shopify_v2.js:9:30869)
[    1257ms] Uncaught ReferenceError: jdgmSettings is not defined
    at n (https://cdnwidget.judge.me/shopify_v2.js:9:12570)
    at <anonymous> (https://cdnwidget.judge.me/shopify_v2.js:9:13296)
    at l (https://cdnwidget.judge.me/shopify_v2.js:1:5733)
    at fireWith (https://cdnwidget.judge.me/shopify_v2.js:1:6501)
    at ready (https://cdnwidget.judge.me/shopify_v2.js:1:8318)
[    6245ms] [VERBOSE] Rendering was performed in a subtree hidden by content-visibility. @ :3190
[    6247ms] [VERBOSE] Rendering was performed in a subtree hidden by content-visibility. @ :3190
[    6249ms] [VERBOSE] Rendering was performed in a subtree hidden by content-visibility. @ :2823
[   11418ms] [LOG] recaptchacompat disabled @ https://js.hcaptcha.com/1/api.js?render=explicit&recaptchacompat=off&onload=__shopify_hcap_load_wf6xwdlp:3
[   13632ms] [VERBOSE] Rendering was performed in a subtree hidden by content-visibility. @ :3190
[   13633ms] [VERBOSE] Rendering was performed in a subtree hidden by content-visibility. @ :3190
[   17960ms] [VERBOSE] Rendering was performed in a subtree hidden by content-visibility. @ :3190
[   17963ms] [VERBOSE] Rendering was performed in a subtree hidden by content-visibility. @ :3190
[   17966ms] [VERBOSE] Rendering was performed in a subtree hidden by content-visibility. @ :2823
[   22637ms] [ERROR] Failed to load resource: net::ERR_TIMED_OUT @ https://shop.app/pay/session?v=1&token=7113ed46-d932-471f-932e-d3020412ca36&shop_id=91491172729:0
[   24593ms] [ERROR] Failed to load resource: net::ERR_TIMED_OUT @ https://shop.app/checkouts/internal/preloads.js?locale=en-GB&shop_id=91491172729:0
[   27143ms] [VERBOSE] Rendering was performed in a subtree hidden by content-visibility. @ :3190
[   27144ms] [VERBOSE] Rendering was performed in a subtree hidden by content-visibility. @ :3190
[   29640ms] [WARNING] The resource https://idiomfragrances.com/cdn/shop/t/10/assets/loading.svg?v=91665432863842511931783077723 was preloaded using link preload but not used within a few seconds from the window's load event. Please make sure it has an appropriate `as` value and it is preloaded intentionally. @ https://idiomfragrances.com/products/3d-amp-100ml-copy?pb=0:0
[   29640ms] [WARNING] The resource https://idiomfragrances.com/cdn/shop/files/idiom_logo_black_150x45.png?v=1746711320 was preloaded using link preload but not used within a few seconds from the window's load event. Please make sure it has an appropriate `as` value and it is preloaded intentionally. @ https://idiomfragrances.com/products/3d-amp-100ml-copy?pb=0:0
[   36445ms] [WARNING] The resource https://idiomfragrances.com/cdn/shop/t/10/assets/loading.svg?v=91665432863842511931783077723 was preloaded using link preload but not used within a few seconds from the window's load event. Please make sure it has an appropriate `as` value and it is preloaded intentionally. @ https://idiomfragrances.com/products/3d-amp-100ml-copy?pb=0:0
[   36445ms] [WARNING] The resource https://idiomfragrances.com/cdn/shop/files/idiom_logo_black_150x45.png?v=1746711320 was preloaded using link preload but not used within a few seconds from the window's load event. Please make sure it has an appropriate `as` value and it is preloaded intentionally. @ https://idiomfragrances.com/products/3d-amp-100ml-copy?pb=0:0
[   59952ms] [WARNING] The resource https://idiomfragrances.com/cdn/shop/t/10/assets/loading.svg?v=91665432863842511931783077723 was preloaded using link preload but not used within a few seconds from the window's load event. Please make sure it has an appropriate `as` value and it is preloaded intentionally. @ https://idiomfragrances.com/products/3d-amp-100ml-copy?pb=0:0
[   59952ms] [WARNING] The resource https://idiomfragrances.com/cdn/shop/files/idiom_logo_black_150x45.png?v=1746711320 was preloaded using link preload but not used within a few seconds from the window's load event. Please make sure it has an appropriate `as` value and it is preloaded intentionally. @ https://idiomfragrances.com/products/3d-amp-100ml-copy?pb=0:0
[   65286ms] [WARNING] The resource https://idiomfragrances.com/cdn/shop/t/10/assets/loading.svg?v=91665432863842511931783077723 was preloaded using link preload but not used within a few seconds from the window's load event. Please make sure it has an appropriate `as` value and it is preloaded intentionally. @ https://idiomfragrances.com/products/3d-amp-100ml-copy?pb=0:0
[   65286ms] [WARNING] The resource https://idiomfragrances.com/cdn/shop/files/idiom_logo_black_150x45.png?v=1746711320 was preloaded using link preload but not used within a few seconds from the window's load event. Please make sure it has an appropriate `as` value and it is preloaded intentionally. @ https://idiomfragrances.com/products/3d-amp-100ml-copy?pb=0:0
