[     373ms] [LOG] AZ: Google Font & Custom Fonts v1.0.3 @ https://idiomfragrances.com/products/3d-amp-100ml-copy?pb=0:977
[     394ms] ReferenceError: jdgm is not defined
    at https://idiomfragrances.com/products/3d-amp-100ml-copy?pb=0:4184:3
[     417ms] [INFO] [HotReload] CLI hot reload disabled - No hot reload port specified. @ https://idiomfragrances.com/cdn/shopifycloud/theme-hot-reload/theme-hot-reload.js:316
[     521ms] Uncaught ReferenceError: jdgmSettings is not defined
    at <anonymous> (https://cdnwidget.judge.me/shopify_v2.js:9:30529)
    at <anonymous> (https://cdnwidget.judge.me/shopify_v2.js:9:30869)
[     521ms] Uncaught ReferenceError: jdgmSettings is not defined
    at n (https://cdnwidget.judge.me/shopify_v2.js:9:12570)
    at <anonymous> (https://cdnwidget.judge.me/shopify_v2.js:9:13296)
    at l (https://cdnwidget.judge.me/shopify_v2.js:1:5733)
    at fireWith (https://cdnwidget.judge.me/shopify_v2.js:1:6501)
    at ready (https://cdnwidget.judge.me/shopify_v2.js:1:8318)
[    5466ms] [VERBOSE] Rendering was performed in a subtree hidden by content-visibility. @ :3190
[    5468ms] [VERBOSE] Rendering was performed in a subtree hidden by content-visibility. @ :3190
[    5470ms] [VERBOSE] Rendering was performed in a subtree hidden by content-visibility. @ :2823
[   10683ms] [LOG] recaptchacompat disabled @ https://js.hcaptcha.com/1/api.js?render=explicit&recaptchacompat=off&onload=__shopify_hcap_load_yjsosbif:3
[   12793ms] [VERBOSE] Rendering was performed in a subtree hidden by content-visibility. @ :3190
[   12795ms] [VERBOSE] Rendering was performed in a subtree hidden by content-visibility. @ :3190
[   23956ms] [ERROR] Failed to load resource: net::ERR_TIMED_OUT @ https://shop.app/checkouts/internal/preloads.js?locale=en-GB&shop_id=91491172729:0
[   29810ms] [WARNING] The resource https://idiomfragrances.com/cdn/shop/files/idiom_logo_black_150x45.png?v=1746711320 was preloaded using link preload but not used within a few seconds from the window's load event. Please make sure it has an appropriate `as` value and it is preloaded intentionally. @ https://idiomfragrances.com/products/3d-amp-100ml-copy?pb=0:0
[   29811ms] [WARNING] The resource https://idiomfragrances.com/cdn/shop/t/10/assets/loading.svg?v=91665432863842511931783077723 was preloaded using link preload but not used within a few seconds from the window's load event. Please make sure it has an appropriate `as` value and it is preloaded intentionally. @ https://idiomfragrances.com/products/3d-amp-100ml-copy?pb=0:0
[   42345ms] [VERBOSE] Rendering was performed in a subtree hidden by content-visibility. @ :3190
[   42347ms] [VERBOSE] Rendering was performed in a subtree hidden by content-visibility. @ :3190
[   42348ms] [VERBOSE] Rendering was performed in a subtree hidden by content-visibility. @ :2823
[   44867ms] [WARNING] The resource https://idiomfragrances.com/cdn/shop/files/idiom_logo_black_150x45.png?v=1746711320 was preloaded using link preload but not used within a few seconds from the window's load event. Please make sure it has an appropriate `as` value and it is preloaded intentionally. @ https://idiomfragrances.com/products/3d-amp-100ml-copy?pb=0:0
[   44867ms] [WARNING] The resource https://idiomfragrances.com/cdn/shop/t/10/assets/loading.svg?v=91665432863842511931783077723 was preloaded using link preload but not used within a few seconds from the window's load event. Please make sure it has an appropriate `as` value and it is preloaded intentionally. @ https://idiomfragrances.com/products/3d-amp-100ml-copy?pb=0:0
[   47945ms] [WARNING] The resource https://idiomfragrances.com/cdn/shop/files/idiom_logo_black_150x45.png?v=1746711320 was preloaded using link preload but not used within a few seconds from the window's load event. Please make sure it has an appropriate `as` value and it is preloaded intentionally. @ https://idiomfragrances.com/products/3d-amp-100ml-copy?pb=0:0
[   47945ms] [WARNING] The resource https://idiomfragrances.com/cdn/shop/t/10/assets/loading.svg?v=91665432863842511931783077723 was preloaded using link preload but not used within a few seconds from the window's load event. Please make sure it has an appropriate `as` value and it is preloaded intentionally. @ https://idiomfragrances.com/products/3d-amp-100ml-copy?pb=0:0
[   60170ms] [WARNING] The resource https://idiomfragrances.com/cdn/shop/files/idiom_logo_black_150x45.png?v=1746711320 was preloaded using link preload but not used within a few seconds from the window's load event. Please make sure it has an appropriate `as` value and it is preloaded intentionally. @ https://idiomfragrances.com/products/3d-amp-100ml-copy?pb=0:0
[   60170ms] [WARNING] The resource https://idiomfragrances.com/cdn/shop/t/10/assets/loading.svg?v=91665432863842511931783077723 was preloaded using link preload but not used within a few seconds from the window's load event. Please make sure it has an appropriate `as` value and it is preloaded intentionally. @ https://idiomfragrances.com/products/3d-amp-100ml-copy?pb=0:0
