[    1597ms] ReferenceError: jdgm is not defined
    at https://idiomfragrances.com/products/3d-amp-100ml-copy:4018:3
[    1618ms] [INFO] [HotReload] CLI hot reload disabled - No hot reload port specified. @ https://idiomfragrances.com/cdn/shopifycloud/theme-hot-reload/theme-hot-reload.js:316
[    1905ms] Uncaught ReferenceError: jdgmSettings is not defined
    at <anonymous> (https://cdnwidget.judge.me/shopify_v2.js:9:30529)
    at <anonymous> (https://cdnwidget.judge.me/shopify_v2.js:9:30869)
[    1909ms] Uncaught ReferenceError: jdgmSettings is not defined
    at n (https://cdnwidget.judge.me/shopify_v2.js:9:12570)
    at <anonymous> (https://cdnwidget.judge.me/shopify_v2.js:9:13296)
    at l (https://cdnwidget.judge.me/shopify_v2.js:1:5733)
    at fireWith (https://cdnwidget.judge.me/shopify_v2.js:1:6501)
    at ready (https://cdnwidget.judge.me/shopify_v2.js:1:8318)
[    6884ms] [VERBOSE] Rendering was performed in a subtree hidden by content-visibility. @ :3338
[    6888ms] [VERBOSE] Rendering was performed in a subtree hidden by content-visibility. @ :3338
[    6889ms] [VERBOSE] Rendering was performed in a subtree hidden by content-visibility. @ :2971
[   13684ms] [VERBOSE] Rendering was performed in a subtree hidden by content-visibility. @ :2971
[   21431ms] [VERBOSE] Rendering was performed in a subtree hidden by content-visibility. @ :3338
[   21432ms] [VERBOSE] Rendering was performed in a subtree hidden by content-visibility. @ :3338
[   21433ms] [VERBOSE] Rendering was performed in a subtree hidden by content-visibility. @ :2971
[   25957ms] [ERROR] Failed to load resource: net::ERR_TIMED_OUT @ https://shop.app/checkouts/internal/preloads.js?locale=en-GB&shop_id=91491172729:0
[   35224ms] [WARNING] The resource https://idiomfragrances.com/cdn/shop/t/10/assets/loading.svg?v=91665432863842511931783077723 was preloaded using link preload but not used within a few seconds from the window's load event. Please make sure it has an appropriate `as` value and it is preloaded intentionally. @ https://idiomfragrances.com/products/3d-amp-100ml-copy:0
[   35224ms] [WARNING] The resource https://idiomfragrances.com/cdn/shop/files/idiom_logo_black_150x45.png?v=1746711320 was preloaded using link preload but not used within a few seconds from the window's load event. Please make sure it has an appropriate `as` value and it is preloaded intentionally. @ https://idiomfragrances.com/products/3d-amp-100ml-copy:0
[   40292ms] [WARNING] The resource https://idiomfragrances.com/cdn/shop/t/10/assets/loading.svg?v=91665432863842511931783077723 was preloaded using link preload but not used within a few seconds from the window's load event. Please make sure it has an appropriate `as` value and it is preloaded intentionally. @ https://idiomfragrances.com/products/3d-amp-100ml-copy:0
[   40292ms] [WARNING] The resource https://idiomfragrances.com/cdn/shop/files/idiom_logo_black_150x45.png?v=1746711320 was preloaded using link preload but not used within a few seconds from the window's load event. Please make sure it has an appropriate `as` value and it is preloaded intentionally. @ https://idiomfragrances.com/products/3d-amp-100ml-copy:0
[   55661ms] [WARNING] The resource https://idiomfragrances.com/cdn/shop/t/10/assets/loading.svg?v=91665432863842511931783077723 was preloaded using link preload but not used within a few seconds from the window's load event. Please make sure it has an appropriate `as` value and it is preloaded intentionally. @ https://idiomfragrances.com/products/3d-amp-100ml-copy:0
[   55661ms] [WARNING] The resource https://idiomfragrances.com/cdn/shop/files/idiom_logo_black_150x45.png?v=1746711320 was preloaded using link preload but not used within a few seconds from the window's load event. Please make sure it has an appropriate `as` value and it is preloaded intentionally. @ https://idiomfragrances.com/products/3d-amp-100ml-copy:0
[   71056ms] [WARNING] The resource https://idiomfragrances.com/cdn/shop/t/10/assets/loading.svg?v=91665432863842511931783077723 was preloaded using link preload but not used within a few seconds from the window's load event. Please make sure it has an appropriate `as` value and it is preloaded intentionally. @ https://idiomfragrances.com/products/3d-amp-100ml-copy:0
[   71056ms] [WARNING] The resource https://idiomfragrances.com/cdn/shop/files/idiom_logo_black_150x45.png?v=1746711320 was preloaded using link preload but not used within a few seconds from the window's load event. Please make sure it has an appropriate `as` value and it is preloaded intentionally. @ https://idiomfragrances.com/products/3d-amp-100ml-copy:0
