[     957ms] [LOG] AZ: Google Font & Custom Fonts v1.0.2 @ https://idiomfragrances.com/:879
[     984ms] [INFO] [HotReload] CLI hot reload disabled - No hot reload port specified. @ https://idiomfragrances.com/cdn/shopifycloud/theme-hot-reload/theme-hot-reload.js:316
[    1012ms] [WARNING] Error in section: template--28721600659833__section-banner-image @ https://idiomfragrances.com/cdn/shop/t/8/assets/theme.js?v=34326308044882033111779072700:8
[    1012ms] [WARNING] T @ https://idiomfragrances.com/cdn/shop/t/8/assets/theme.js?v=34326308044882033111779072700:8
[    1012ms] [WARNING] TypeError: Cannot read properties of null (reading 'querySelectorAll')
    at Object.handleImageAnimation (https://idiomfragrances.com/cdn/shop/t/8/assets/theme.js?v=34326308044882033111779072700:9:241921)
    at Object.init (https://idiomfragrances.com/cdn/shop/t/8/assets/theme.js?v=34326308044882033111779072700:9:241470)
    at new <anonymous> (https://idiomfragrances.com/cdn/shop/t/8/assets/theme.js?v=34326308044882033111779072700:9:242446)
    at Object.onLoad (https://idiomfragrances.com/cdn/shop/t/8/assets/theme.js?v=34326308044882033111779072700:9:241445)
    at https://idiomfragrances.com/cdn/shop/t/8/assets/theme.js?v=34326308044882033111779072700:9:3081
    at Array.forEach (<anonymous>)
    at T.callFunctions (https://idiomfragrances.com/cdn/shop/t/8/assets/theme.js?v=34326308044882033111779072700:9:2991)
    at T.onLoad (https://idiomfragrances.com/cdn/shop/t/8/assets/theme.js?v=34326308044882033111779072700:9:3106)
    at new T (https://idiomfragrances.com/cdn/shop/t/8/assets/theme.js?v=34326308044882033111779072700:9:3866)
    at https://idiomfragrances.com/cdn/shop/t/8/assets/theme.js?v=34326308044882033111779072700:9:4620 @ https://idiomfragrances.com/cdn/shop/t/8/assets/theme.js?v=34326308044882033111779072700:8
[    6063ms] [VERBOSE] Rendering was performed in a subtree hidden by content-visibility. @ :3119
[    6066ms] [VERBOSE] Rendering was performed in a subtree hidden by content-visibility. @ :3119
[    6067ms] [VERBOSE] Rendering was performed in a subtree hidden by content-visibility. @ :2752
[   29119ms] [ERROR] Failed to load resource: net::ERR_CONNECTION_CLOSED @ https://fonts.googleapis.com/css?family=Farro:300,regular,500,700&subset=latin,latin-ext&display=swap:0
[   30022ms] [LOG] AZ: Google Font & Custom Fonts v1.0.2 @ https://idiomfragrances.com/:716
[   30066ms] [INFO] [HotReload] CLI hot reload disabled - No hot reload port specified. @ https://idiomfragrances.com/cdn/shopifycloud/theme-hot-reload/theme-hot-reload.js:316
[   31052ms] [ERROR] Failed to load resource: net::ERR_TIMED_OUT @ https://shop.app/checkouts/internal/preloads.js?locale=en-GB&shop_id=91491172729:0
[   31214ms] [WARNING] Error in section: template--28721600659833__section-banner-image @ https://idiomfragrances.com/cdn/shop/t/8/assets/theme.js?v=34326308044882033111779072700:8
[   31214ms] [WARNING] T @ https://idiomfragrances.com/cdn/shop/t/8/assets/theme.js?v=34326308044882033111779072700:8
[   31214ms] [WARNING] TypeError: Cannot read properties of null (reading 'querySelectorAll')
    at Object.handleImageAnimation (https://idiomfragrances.com/cdn/shop/t/8/assets/theme.js?v=34326308044882033111779072700:9:241921)
    at Object.init (https://idiomfragrances.com/cdn/shop/t/8/assets/theme.js?v=34326308044882033111779072700:9:241470)
    at new <anonymous> (https://idiomfragrances.com/cdn/shop/t/8/assets/theme.js?v=34326308044882033111779072700:9:242446)
    at Object.onLoad (https://idiomfragrances.com/cdn/shop/t/8/assets/theme.js?v=34326308044882033111779072700:9:241445)
    at https://idiomfragrances.com/cdn/shop/t/8/assets/theme.js?v=34326308044882033111779072700:9:3081
    at Array.forEach (<anonymous>)
    at T.callFunctions (https://idiomfragrances.com/cdn/shop/t/8/assets/theme.js?v=34326308044882033111779072700:9:2991)
    at T.onLoad (https://idiomfragrances.com/cdn/shop/t/8/assets/theme.js?v=34326308044882033111779072700:9:3106)
    at new T (https://idiomfragrances.com/cdn/shop/t/8/assets/theme.js?v=34326308044882033111779072700:9:3866)
    at https://idiomfragrances.com/cdn/shop/t/8/assets/theme.js?v=34326308044882033111779072700:9:4620 @ https://idiomfragrances.com/cdn/shop/t/8/assets/theme.js?v=34326308044882033111779072700:8
[   36148ms] [VERBOSE] Rendering was performed in a subtree hidden by content-visibility. @ :3119
[   36150ms] [VERBOSE] Rendering was performed in a subtree hidden by content-visibility. @ :3119
[   36151ms] [VERBOSE] Rendering was performed in a subtree hidden by content-visibility. @ :2752
