[    1203ms] [LOG] AZ: Google Font & Custom Fonts v1.0.2 @ https://idiomfragrances.com/:716
[    1243ms] [INFO] [HotReload] CLI hot reload disabled - No hot reload port specified. @ https://idiomfragrances.com/cdn/shopifycloud/theme-hot-reload/theme-hot-reload.js:316
[    1320ms] [WARNING] Error in section: template--28721600659833__section-banner-image @ https://idiomfragrances.com/cdn/shop/t/8/assets/theme.js?v=34326308044882033111779072700:8
[    1320ms] [WARNING] T @ https://idiomfragrances.com/cdn/shop/t/8/assets/theme.js?v=34326308044882033111779072700:8
[    1320ms] [WARNING] TypeError: Cannot read properties of null (reading 'querySelectorAll')
    at Object.handleImageAnimation (https://idiomfragrances.com/cdn/shop/t/8/assets/theme.js?v=34326308044882033111779072700:9:241921)
    at Object.init (https://idiomfragrances.com/cdn/shop/t/8/assets/theme.js?v=34326308044882033111779072700:9:241470)
    at new <anonymous> (https://idiomfragrances.com/cdn/shop/t/8/assets/theme.js?v=34326308044882033111779072700:9:242446)
    at Object.onLoad (https://idiomfragrances.com/cdn/shop/t/8/assets/theme.js?v=34326308044882033111779072700:9:241445)
    at https://idiomfragrances.com/cdn/shop/t/8/assets/theme.js?v=34326308044882033111779072700:9:3081
    at Array.forEach (<anonymous>)
    at T.callFunctions (https://idiomfragrances.com/cdn/shop/t/8/assets/theme.js?v=34326308044882033111779072700:9:2991)
    at T.onLoad (https://idiomfragrances.com/cdn/shop/t/8/assets/theme.js?v=34326308044882033111779072700:9:3106)
    at new T (https://idiomfragrances.com/cdn/shop/t/8/assets/theme.js?v=34326308044882033111779072700:9:3866)
    at https://idiomfragrances.com/cdn/shop/t/8/assets/theme.js?v=34326308044882033111779072700:9:4620 @ https://idiomfragrances.com/cdn/shop/t/8/assets/theme.js?v=34326308044882033111779072700:8
[    6340ms] [VERBOSE] Rendering was performed in a subtree hidden by content-visibility. @ :3119
[    6342ms] [VERBOSE] Rendering was performed in a subtree hidden by content-visibility. @ :3119
[    6344ms] [VERBOSE] Rendering was performed in a subtree hidden by content-visibility. @ :2752
[   27706ms] [VERBOSE] Rendering was performed in a subtree hidden by content-visibility. @ :3119
[   27708ms] [VERBOSE] Rendering was performed in a subtree hidden by content-visibility. @ :3119
[   27709ms] [VERBOSE] Rendering was performed in a subtree hidden by content-visibility. @ :2752
[   31348ms] [ERROR] Failed to load resource: net::ERR_TIMED_OUT @ https://shop.app/checkouts/internal/preloads.js?locale=en-GB&shop_id=91491172729:0
[   38120ms] [WARNING] The resource https://idiomfragrances.com/cdn/shop/files/idiom_logo_black_150x45.png?v=1746711320 was preloaded using link preload but not used within a few seconds from the window's load event. Please make sure it has an appropriate `as` value and it is preloaded intentionally. @ https://idiomfragrances.com/:0
[   38120ms] [WARNING] The resource https://idiomfragrances.com/cdn/shop/t/8/assets/loading.svg?v=91665432863842511931779072698 was preloaded using link preload but not used within a few seconds from the window's load event. Please make sure it has an appropriate `as` value and it is preloaded intentionally. @ https://idiomfragrances.com/:0
[   40093ms] [VERBOSE] Rendering was performed in a subtree hidden by content-visibility. @ :3119
[   40095ms] [VERBOSE] Rendering was performed in a subtree hidden by content-visibility. @ :3119
[   40096ms] [VERBOSE] Rendering was performed in a subtree hidden by content-visibility. @ :2752
[   42357ms] [WARNING] The resource https://idiomfragrances.com/cdn/shop/files/idiom_logo_black_150x45.png?v=1746711320 was preloaded using link preload but not used within a few seconds from the window's load event. Please make sure it has an appropriate `as` value and it is preloaded intentionally. @ https://idiomfragrances.com/:0
[   42357ms] [WARNING] The resource https://idiomfragrances.com/cdn/shop/t/8/assets/loading.svg?v=91665432863842511931779072698 was preloaded using link preload but not used within a few seconds from the window's load event. Please make sure it has an appropriate `as` value and it is preloaded intentionally. @ https://idiomfragrances.com/:0
[   63988ms] [VERBOSE] Rendering was performed in a subtree hidden by content-visibility. @ :3119
[   63989ms] [VERBOSE] Rendering was performed in a subtree hidden by content-visibility. @ :3119
[   63990ms] [VERBOSE] Rendering was performed in a subtree hidden by content-visibility. @ :2752
[   71569ms] [WARNING] The resource https://idiomfragrances.com/cdn/shop/files/idiom_logo_black_150x45.png?v=1746711320 was preloaded using link preload but not used within a few seconds from the window's load event. Please make sure it has an appropriate `as` value and it is preloaded intentionally. @ https://idiomfragrances.com/:0
[   71569ms] [WARNING] The resource https://idiomfragrances.com/cdn/shop/t/8/assets/loading.svg?v=91665432863842511931779072698 was preloaded using link preload but not used within a few seconds from the window's load event. Please make sure it has an appropriate `as` value and it is preloaded intentionally. @ https://idiomfragrances.com/:0
[   97387ms] [VERBOSE] Rendering was performed in a subtree hidden by content-visibility. @ :3119
[   97389ms] [VERBOSE] Rendering was performed in a subtree hidden by content-visibility. @ :3119
[   97390ms] [VERBOSE] Rendering was performed in a subtree hidden by content-visibility. @ :2752
[  135880ms] [LOG] AZ: Google Font & Custom Fonts v1.0.2 @ https://idiomfragrances.com/:716
[  135987ms] [INFO] [HotReload] CLI hot reload disabled - No hot reload port specified. @ https://idiomfragrances.com/cdn/shopifycloud/theme-hot-reload/theme-hot-reload.js:316
[  136102ms] [WARNING] Error in section: template--28721600659833__section-banner-image @ https://idiomfragrances.com/cdn/shop/t/8/assets/theme.js?v=34326308044882033111779072700:8
[  136102ms] [WARNING] T @ https://idiomfragrances.com/cdn/shop/t/8/assets/theme.js?v=34326308044882033111779072700:8
[  136102ms] [WARNING] TypeError: Cannot read properties of null (reading 'querySelectorAll')
    at Object.handleImageAnimation (https://idiomfragrances.com/cdn/shop/t/8/assets/theme.js?v=34326308044882033111779072700:9:241921)
    at Object.init (https://idiomfragrances.com/cdn/shop/t/8/assets/theme.js?v=34326308044882033111779072700:9:241470)
    at new <anonymous> (https://idiomfragrances.com/cdn/shop/t/8/assets/theme.js?v=34326308044882033111779072700:9:242446)
    at Object.onLoad (https://idiomfragrances.com/cdn/shop/t/8/assets/theme.js?v=34326308044882033111779072700:9:241445)
    at https://idiomfragrances.com/cdn/shop/t/8/assets/theme.js?v=34326308044882033111779072700:9:3081
    at Array.forEach (<anonymous>)
    at T.callFunctions (https://idiomfragrances.com/cdn/shop/t/8/assets/theme.js?v=34326308044882033111779072700:9:2991)
    at T.onLoad (https://idiomfragrances.com/cdn/shop/t/8/assets/theme.js?v=34326308044882033111779072700:9:3106)
    at new T (https://idiomfragrances.com/cdn/shop/t/8/assets/theme.js?v=34326308044882033111779072700:9:3866)
    at https://idiomfragrances.com/cdn/shop/t/8/assets/theme.js?v=34326308044882033111779072700:9:4620 @ https://idiomfragrances.com/cdn/shop/t/8/assets/theme.js?v=34326308044882033111779072700:8
[  165766ms] [ERROR] Failed to load resource: net::ERR_TIMED_OUT @ https://shop.app/checkouts/internal/preloads.js?locale=en-GB&shop_id=91491172729:0
[  169293ms] [WARNING] The resource https://idiomfragrances.com/cdn/shop/files/idiom_logo_black_150x45.png?v=1746711320 was preloaded using link preload but not used within a few seconds from the window's load event. Please make sure it has an appropriate `as` value and it is preloaded intentionally. @ https://idiomfragrances.com/:0
[  169293ms] [WARNING] The resource https://idiomfragrances.com/cdn/shop/t/8/assets/loading.svg?v=91665432863842511931779072698 was preloaded using link preload but not used within a few seconds from the window's load event. Please make sure it has an appropriate `as` value and it is preloaded intentionally. @ https://idiomfragrances.com/:0
[  172599ms] [ERROR] Unsafe attempt to load URL https://shop.app/pay/hop?analytics_trace_id=e72138fb-4cf0-43f5-8ddb-62dc2a3d9d5e&target_origin=https%3A%2F%2Fidiomfragrances.com&client_handle=idiom-london.myshopify.com from frame with URL chrome-error://chromewebdata/. Domains, protocols and ports must match.
 @ chrome-error://chromewebdata/:0
[  175797ms] [WARNING] The resource https://idiomfragrances.com/cdn/shop/files/idiom_logo_black_150x45.png?v=1746711320 was preloaded using link preload but not used within a few seconds from the window's load event. Please make sure it has an appropriate `as` value and it is preloaded intentionally. @ https://idiomfragrances.com/:0
[  175797ms] [WARNING] The resource https://idiomfragrances.com/cdn/shop/t/8/assets/loading.svg?v=91665432863842511931779072698 was preloaded using link preload but not used within a few seconds from the window's load event. Please make sure it has an appropriate `as` value and it is preloaded intentionally. @ https://idiomfragrances.com/:0
[  255982ms] [LOG] AZ: Google Font & Custom Fonts v1.0.2 @ https://idiomfragrances.com/:879
[  256326ms] [INFO] [HotReload] CLI hot reload disabled - No hot reload port specified. @ https://idiomfragrances.com/cdn/shopifycloud/theme-hot-reload/theme-hot-reload.js:316
[  256373ms] [WARNING] Error in section: template--28721600659833__section-banner-image @ https://idiomfragrances.com/cdn/shop/t/8/assets/theme.js?v=34326308044882033111779072700:8
[  256373ms] [WARNING] T @ https://idiomfragrances.com/cdn/shop/t/8/assets/theme.js?v=34326308044882033111779072700:8
[  256373ms] [WARNING] TypeError: Cannot read properties of null (reading 'querySelectorAll')
    at Object.handleImageAnimation (https://idiomfragrances.com/cdn/shop/t/8/assets/theme.js?v=34326308044882033111779072700:9:241921)
    at Object.init (https://idiomfragrances.com/cdn/shop/t/8/assets/theme.js?v=34326308044882033111779072700:9:241470)
    at new <anonymous> (https://idiomfragrances.com/cdn/shop/t/8/assets/theme.js?v=34326308044882033111779072700:9:242446)
    at Object.onLoad (https://idiomfragrances.com/cdn/shop/t/8/assets/theme.js?v=34326308044882033111779072700:9:241445)
    at https://idiomfragrances.com/cdn/shop/t/8/assets/theme.js?v=34326308044882033111779072700:9:3081
    at Array.forEach (<anonymous>)
    at T.callFunctions (https://idiomfragrances.com/cdn/shop/t/8/assets/theme.js?v=34326308044882033111779072700:9:2991)
    at T.onLoad (https://idiomfragrances.com/cdn/shop/t/8/assets/theme.js?v=34326308044882033111779072700:9:3106)
    at new T (https://idiomfragrances.com/cdn/shop/t/8/assets/theme.js?v=34326308044882033111779072700:9:3866)
    at https://idiomfragrances.com/cdn/shop/t/8/assets/theme.js?v=34326308044882033111779072700:9:4620 @ https://idiomfragrances.com/cdn/shop/t/8/assets/theme.js?v=34326308044882033111779072700:8
