[    1468ms] [LOG] AZ: Google Font & Custom Fonts v1.0.2 @ https://idiomfragrances.com/:879
[    1614ms] [INFO] [HotReload] CLI hot reload disabled - No hot reload port specified. @ https://idiomfragrances.com/cdn/shopifycloud/theme-hot-reload/theme-hot-reload.js:316
[    1627ms] [WARNING] Error in section: template--28721600659833__section-banner-image @ https://idiomfragrances.com/cdn/shop/t/8/assets/theme.js?v=34326308044882033111779072700:8
[    1627ms] [WARNING] T @ https://idiomfragrances.com/cdn/shop/t/8/assets/theme.js?v=34326308044882033111779072700:8
[    1627ms] [WARNING] TypeError: Cannot read properties of null (reading 'querySelectorAll')
    at Object.handleImageAnimation (https://idiomfragrances.com/cdn/shop/t/8/assets/theme.js?v=34326308044882033111779072700:9:241921)
    at Object.init (https://idiomfragrances.com/cdn/shop/t/8/assets/theme.js?v=34326308044882033111779072700:9:241470)
    at new <anonymous> (https://idiomfragrances.com/cdn/shop/t/8/assets/theme.js?v=34326308044882033111779072700:9:242446)
    at Object.onLoad (https://idiomfragrances.com/cdn/shop/t/8/assets/theme.js?v=34326308044882033111779072700:9:241445)
    at https://idiomfragrances.com/cdn/shop/t/8/assets/theme.js?v=34326308044882033111779072700:9:3081
    at Array.forEach (<anonymous>)
    at T.callFunctions (https://idiomfragrances.com/cdn/shop/t/8/assets/theme.js?v=34326308044882033111779072700:9:2991)
    at T.onLoad (https://idiomfragrances.com/cdn/shop/t/8/assets/theme.js?v=34326308044882033111779072700:9:3106)
    at new T (https://idiomfragrances.com/cdn/shop/t/8/assets/theme.js?v=34326308044882033111779072700:9:3866)
    at https://idiomfragrances.com/cdn/shop/t/8/assets/theme.js?v=34326308044882033111779072700:9:4620 @ https://idiomfragrances.com/cdn/shop/t/8/assets/theme.js?v=34326308044882033111779072700:8
[    2380ms] [VERBOSE] Rendering was performed in a subtree hidden by content-visibility. @ :3119
[    2381ms] [VERBOSE] Rendering was performed in a subtree hidden by content-visibility. @ :3119
[    2383ms] [VERBOSE] Rendering was performed in a subtree hidden by content-visibility. @ :2752
[    6041ms] [WARNING] The resource https://idiomfragrances.com/cdn/shop/files/idiom_logo_black_150x45.png?v=1746711320 was preloaded using link preload but not used within a few seconds from the window's load event. Please make sure it has an appropriate `as` value and it is preloaded intentionally. @ https://idiomfragrances.com/:0
[    6042ms] [WARNING] The resource https://idiomfragrances.com/cdn/shop/t/8/assets/loading.svg?v=91665432863842511931779072698 was preloaded using link preload but not used within a few seconds from the window's load event. Please make sure it has an appropriate `as` value and it is preloaded intentionally. @ https://idiomfragrances.com/:0
[ 1806240ms] [WARNING] The resource https://idiomfragrances.com/cdn/shop/files/idiom_logo_black_150x45.png?v=1746711320 was preloaded using link preload but not used within a few seconds from the window's load event. Please make sure it has an appropriate `as` value and it is preloaded intentionally. @ https://idiomfragrances.com/:0
[ 1806240ms] [WARNING] The resource https://idiomfragrances.com/cdn/shop/t/8/assets/loading.svg?v=91665432863842511931779072698 was preloaded using link preload but not used within a few seconds from the window's load event. Please make sure it has an appropriate `as` value and it is preloaded intentionally. @ https://idiomfragrances.com/:0
[ 3607320ms] [WARNING] The resource https://idiomfragrances.com/cdn/shop/files/idiom_logo_black_150x45.png?v=1746711320 was preloaded using link preload but not used within a few seconds from the window's load event. Please make sure it has an appropriate `as` value and it is preloaded intentionally. @ https://idiomfragrances.com/:0
[ 3607320ms] [WARNING] The resource https://idiomfragrances.com/cdn/shop/t/8/assets/loading.svg?v=91665432863842511931779072698 was preloaded using link preload but not used within a few seconds from the window's load event. Please make sure it has an appropriate `as` value and it is preloaded intentionally. @ https://idiomfragrances.com/:0
[ 5408337ms] [WARNING] The resource https://idiomfragrances.com/cdn/shop/files/idiom_logo_black_150x45.png?v=1746711320 was preloaded using link preload but not used within a few seconds from the window's load event. Please make sure it has an appropriate `as` value and it is preloaded intentionally. @ https://idiomfragrances.com/:0
[ 5408337ms] [WARNING] The resource https://idiomfragrances.com/cdn/shop/t/8/assets/loading.svg?v=91665432863842511931779072698 was preloaded using link preload but not used within a few seconds from the window's load event. Please make sure it has an appropriate `as` value and it is preloaded intentionally. @ https://idiomfragrances.com/:0
[ 7209791ms] [WARNING] The resource https://idiomfragrances.com/cdn/shop/files/idiom_logo_black_150x45.png?v=1746711320 was preloaded using link preload but not used within a few seconds from the window's load event. Please make sure it has an appropriate `as` value and it is preloaded intentionally. @ https://idiomfragrances.com/:0
[ 7209792ms] [WARNING] The resource https://idiomfragrances.com/cdn/shop/t/8/assets/loading.svg?v=91665432863842511931779072698 was preloaded using link preload but not used within a few seconds from the window's load event. Please make sure it has an appropriate `as` value and it is preloaded intentionally. @ https://idiomfragrances.com/:0
[ 9094315ms] [ERROR] Failed to load resource: net::ERR_INTERNET_DISCONNECTED @ https://idiomfragrances.com/api/collect:0
[ 9095326ms] [ERROR] Failed to load resource: net::ERR_INTERNET_DISCONNECTED @ https://idiomfragrances.com/api/collect:0
[ 9097334ms] [ERROR] Failed to load resource: net::ERR_INTERNET_DISCONNECTED @ https://idiomfragrances.com/api/collect:0
[ 9099324ms] [ERROR] Failed to load resource: net::ERR_INTERNET_DISCONNECTED @ https://idiomfragrances.com/api/collect:0
[ 9101342ms] [ERROR] Failed to load resource: net::ERR_INTERNET_DISCONNECTED @ https://idiomfragrances.com/api/collect:0
[ 9104331ms] [ERROR] Failed to load resource: net::ERR_INTERNET_DISCONNECTED @ https://idiomfragrances.com/api/collect:0
[10073212ms] [WARNING] The resource https://idiomfragrances.com/cdn/shop/files/idiom_logo_black_150x45.png?v=1746711320 was preloaded using link preload but not used within a few seconds from the window's load event. Please make sure it has an appropriate `as` value and it is preloaded intentionally. @ https://idiomfragrances.com/:0
[10073213ms] [WARNING] The resource https://idiomfragrances.com/cdn/shop/t/8/assets/loading.svg?v=91665432863842511931779072698 was preloaded using link preload but not used within a few seconds from the window's load event. Please make sure it has an appropriate `as` value and it is preloaded intentionally. @ https://idiomfragrances.com/:0
[10075218ms] [ERROR] Failed to load resource: net::ERR_INTERNET_DISCONNECTED @ https://idiomfragrances.com/api/collect:0
[10078220ms] [WARNING] The resource https://idiomfragrances.com/cdn/shop/files/idiom_logo_black_150x45.png?v=1746711320 was preloaded using link preload but not used within a few seconds from the window's load event. Please make sure it has an appropriate `as` value and it is preloaded intentionally. @ https://idiomfragrances.com/:0
[10078221ms] [WARNING] The resource https://idiomfragrances.com/cdn/shop/t/8/assets/loading.svg?v=91665432863842511931779072698 was preloaded using link preload but not used within a few seconds from the window's load event. Please make sure it has an appropriate `as` value and it is preloaded intentionally. @ https://idiomfragrances.com/:0
[10080225ms] [ERROR] Failed to load resource: net::ERR_INTERNET_DISCONNECTED @ https://idiomfragrances.com/api/collect:0
[10406626ms] [WARNING] The resource https://idiomfragrances.com/cdn/shop/files/idiom_logo_black_150x45.png?v=1746711320 was preloaded using link preload but not used within a few seconds from the window's load event. Please make sure it has an appropriate `as` value and it is preloaded intentionally. @ https://idiomfragrances.com/:0
[10406626ms] [WARNING] The resource https://idiomfragrances.com/cdn/shop/t/8/assets/loading.svg?v=91665432863842511931779072698 was preloaded using link preload but not used within a few seconds from the window's load event. Please make sure it has an appropriate `as` value and it is preloaded intentionally. @ https://idiomfragrances.com/:0
[10413078ms] [WARNING] The resource https://idiomfragrances.com/cdn/shop/files/idiom_logo_black_150x45.png?v=1746711320 was preloaded using link preload but not used within a few seconds from the window's load event. Please make sure it has an appropriate `as` value and it is preloaded intentionally. @ https://idiomfragrances.com/:0
[10413078ms] [WARNING] The resource https://idiomfragrances.com/cdn/shop/t/8/assets/loading.svg?v=91665432863842511931779072698 was preloaded using link preload but not used within a few seconds from the window's load event. Please make sure it has an appropriate `as` value and it is preloaded intentionally. @ https://idiomfragrances.com/:0
