[       1ms] [WARNING] The resource http://127.0.0.1:9292/cdn/shop/t/8/assets/loading.svg?v=91665432863842511931779072698 was preloaded using link preload but not used within a few seconds from the window's load event. Please make sure it has an appropriate `as` value and it is preloaded intentionally. @ http://127.0.0.1:9292/products/3d-amp-100ml-copy?variant=55611347698041:0
[       1ms] [WARNING] The resource http://127.0.0.1:9292/cdn/shop/files/idiom_logo_black_150x45.png?v=1746711320 was preloaded using link preload but not used within a few seconds from the window's load event. Please make sure it has an appropriate `as` value and it is preloaded intentionally. @ http://127.0.0.1:9292/products/3d-amp-100ml-copy?variant=55611347698041:0
[     390ms] [INFO] [HotReload] Connected @ http://127.0.0.1:9292/cdn/shopifycloud/theme-hot-reload/theme-hot-reload.js:299
[     602ms] [LOG] AZ: Google Font & Custom Fonts v1.0.2 @ https://idiomfragrances.com/products/3d-amp-100ml-copy?variant=55611347698041:889
[     650ms] [INFO] [HotReload] CLI hot reload disabled - No hot reload port specified. @ https://idiomfragrances.com/cdn/shopifycloud/theme-hot-reload/theme-hot-reload.js:316
[    5781ms] [VERBOSE] Rendering was performed in a subtree hidden by content-visibility. @ :3119
[    5783ms] [VERBOSE] Rendering was performed in a subtree hidden by content-visibility. @ :3119
[    5785ms] [VERBOSE] Rendering was performed in a subtree hidden by content-visibility. @ :2752
[   10645ms] [VERBOSE] Rendering was performed in a subtree hidden by content-visibility. @ :3119
[   10647ms] [VERBOSE] Rendering was performed in a subtree hidden by content-visibility. @ :3119
[   10648ms] [VERBOSE] Rendering was performed in a subtree hidden by content-visibility. @ :2752
[   23082ms] [ERROR] Failed to load resource: net::ERR_TIMED_OUT @ https://shop.app/checkouts/internal/preloads.js?locale=en-GB&shop_id=91491172729:0
[   31220ms] [WARNING] The resource https://idiomfragrances.com/cdn/shop/files/idiom_logo_black_150x45.png?v=1746711320 was preloaded using link preload but not used within a few seconds from the window's load event. Please make sure it has an appropriate `as` value and it is preloaded intentionally. @ https://idiomfragrances.com/products/3d-amp-100ml-copy?variant=55611347698041:0
[   31220ms] [WARNING] The resource https://idiomfragrances.com/cdn/shop/t/8/assets/loading.svg?v=91665432863842511931779072698 was preloaded using link preload but not used within a few seconds from the window's load event. Please make sure it has an appropriate `as` value and it is preloaded intentionally. @ https://idiomfragrances.com/products/3d-amp-100ml-copy?variant=55611347698041:0
[   34999ms] [LOG] AZ: Google Font & Custom Fonts v1.0.2 @ https://idiomfragrances.com/products/3d-amp-100ml-copy?variant=55611347698041:726
[   35131ms] [INFO] [HotReload] CLI hot reload disabled - No hot reload port specified. @ https://idiomfragrances.com/cdn/shopifycloud/theme-hot-reload/theme-hot-reload.js:316
[   35877ms] [VERBOSE] Rendering was performed in a subtree hidden by content-visibility. @ :3119
[   35880ms] [VERBOSE] Rendering was performed in a subtree hidden by content-visibility. @ :3119
[   35881ms] [VERBOSE] Rendering was performed in a subtree hidden by content-visibility. @ :2752
[   41733ms] [VERBOSE] Rendering was performed in a subtree hidden by content-visibility. @ :3119
[   41735ms] [VERBOSE] Rendering was performed in a subtree hidden by content-visibility. @ :3119
[   41736ms] [VERBOSE] Rendering was performed in a subtree hidden by content-visibility. @ :2752
[   53066ms] [ERROR] Failed to load resource: net::ERR_TIMED_OUT @ https://shop.app/checkouts/internal/preloads.js?locale=en-GB&shop_id=91491172729:0
[   70685ms] [WARNING] The resource https://idiomfragrances.com/cdn/shop/files/idiom_logo_black_150x45.png?v=1746711320 was preloaded using link preload but not used within a few seconds from the window's load event. Please make sure it has an appropriate `as` value and it is preloaded intentionally. @ https://idiomfragrances.com/products/3d-amp-100ml-copy?variant=55611347698041:0
[   70685ms] [WARNING] The resource https://idiomfragrances.com/cdn/shop/t/8/assets/loading.svg?v=91665432863842511931779072698 was preloaded using link preload but not used within a few seconds from the window's load event. Please make sure it has an appropriate `as` value and it is preloaded intentionally. @ https://idiomfragrances.com/products/3d-amp-100ml-copy?variant=55611347698041:0
[   74004ms] [WARNING] The resource https://idiomfragrances.com/cdn/shop/files/idiom_logo_black_150x45.png?v=1746711320 was preloaded using link preload but not used within a few seconds from the window's load event. Please make sure it has an appropriate `as` value and it is preloaded intentionally. @ https://idiomfragrances.com/products/3d-amp-100ml-copy?variant=55611347698041:0
[   74004ms] [WARNING] The resource https://idiomfragrances.com/cdn/shop/t/8/assets/loading.svg?v=91665432863842511931779072698 was preloaded using link preload but not used within a few seconds from the window's load event. Please make sure it has an appropriate `as` value and it is preloaded intentionally. @ https://idiomfragrances.com/products/3d-amp-100ml-copy?variant=55611347698041:0
[  104367ms] [WARNING] The resource https://idiomfragrances.com/cdn/shop/files/idiom_logo_black_150x45.png?v=1746711320 was preloaded using link preload but not used within a few seconds from the window's load event. Please make sure it has an appropriate `as` value and it is preloaded intentionally. @ https://idiomfragrances.com/products/3d-amp-100ml-copy?variant=55611347698041:0
[  104367ms] [WARNING] The resource https://idiomfragrances.com/cdn/shop/t/8/assets/loading.svg?v=91665432863842511931779072698 was preloaded using link preload but not used within a few seconds from the window's load event. Please make sure it has an appropriate `as` value and it is preloaded intentionally. @ https://idiomfragrances.com/products/3d-amp-100ml-copy?variant=55611347698041:0
