[     754ms] [LOG] AZ: Google Font & Custom Fonts v1.0.2 @ https://idiomfragrances.com/products/3d-amp-100ml-copy:725
[     917ms] [INFO] [HotReload] CLI hot reload disabled - No hot reload port specified. @ https://idiomfragrances.com/cdn/shopifycloud/theme-hot-reload/theme-hot-reload.js:316
[    6015ms] [VERBOSE] Rendering was performed in a subtree hidden by content-visibility. @ :3119
[    6018ms] [VERBOSE] Rendering was performed in a subtree hidden by content-visibility. @ :3119
[    6019ms] [VERBOSE] Rendering was performed in a subtree hidden by content-visibility. @ :2752
[   17326ms] [VERBOSE] Rendering was performed in a subtree hidden by content-visibility. @ :24
[   17326ms] [VERBOSE] Rendering was performed in a subtree hidden by content-visibility. @ :24
[   17327ms] [VERBOSE] Rendering was performed in a subtree hidden by content-visibility. @ :24
[   17328ms] [VERBOSE] Rendering was performed in a subtree hidden by content-visibility. @ :24
[   17328ms] [VERBOSE] Rendering was performed in a subtree hidden by content-visibility. @ :24
[   17328ms] [VERBOSE] Rendering was performed in a subtree hidden by content-visibility. @ :24
[   17328ms] [VERBOSE] Rendering was performed in a subtree hidden by content-visibility. @ :24
[   17328ms] [VERBOSE] Rendering was performed in a subtree hidden by content-visibility. @ :24
[   17328ms] [VERBOSE] Rendering was performed in a subtree hidden by content-visibility. @ :24
[   17328ms] [VERBOSE] Rendering was performed in a subtree hidden by content-visibility. @ :24
[   17328ms] [VERBOSE] Rendering was performed in a subtree hidden by content-visibility. @ :24
[   17329ms] [VERBOSE] Rendering was performed in a subtree hidden by content-visibility. @ :24
[   17329ms] [VERBOSE] Rendering was performed in a subtree hidden by content-visibility. @ :24
[   17329ms] [VERBOSE] Rendering was performed in a subtree hidden by content-visibility. @ :24
[   27948ms] [ERROR] Failed to load resource: net::ERR_TIMED_OUT @ https://shop.app/checkouts/internal/preloads.js?locale=en-GB&shop_id=91491172729:0
[   32577ms] [WARNING] The resource https://idiomfragrances.com/cdn/shop/files/idiom_logo_black_150x45.png?v=1746711320 was preloaded using link preload but not used within a few seconds from the window's load event. Please make sure it has an appropriate `as` value and it is preloaded intentionally. @ https://idiomfragrances.com/products/3d-amp-100ml-copy:0
[   32577ms] [WARNING] The resource https://idiomfragrances.com/cdn/shop/t/8/assets/loading.svg?v=91665432863842511931779072698 was preloaded using link preload but not used within a few seconds from the window's load event. Please make sure it has an appropriate `as` value and it is preloaded intentionally. @ https://idiomfragrances.com/products/3d-amp-100ml-copy:0
[   35387ms] [VERBOSE] Rendering was performed in a subtree hidden by content-visibility. @ :3119
[   35388ms] [VERBOSE] Rendering was performed in a subtree hidden by content-visibility. @ :3119
[   35390ms] [VERBOSE] Rendering was performed in a subtree hidden by content-visibility. @ :2752
[   39222ms] [WARNING] The resource https://idiomfragrances.com/cdn/shop/files/idiom_logo_black_150x45.png?v=1746711320 was preloaded using link preload but not used within a few seconds from the window's load event. Please make sure it has an appropriate `as` value and it is preloaded intentionally. @ https://idiomfragrances.com/products/3d-amp-100ml-copy:0
[   39222ms] [WARNING] The resource https://idiomfragrances.com/cdn/shop/t/8/assets/loading.svg?v=91665432863842511931779072698 was preloaded using link preload but not used within a few seconds from the window's load event. Please make sure it has an appropriate `as` value and it is preloaded intentionally. @ https://idiomfragrances.com/products/3d-amp-100ml-copy:0
[   40558ms] [VERBOSE] Rendering was performed in a subtree hidden by content-visibility. @ :3119
[   40560ms] [VERBOSE] Rendering was performed in a subtree hidden by content-visibility. @ :3119
[   40561ms] [VERBOSE] Rendering was performed in a subtree hidden by content-visibility. @ :2752
