[     822ms] [LOG] AZ: Google Font & Custom Fonts v1.0.2 @ https://idiomfragrances.com/products/3d-amp-100ml-copy?variant=55611347698041:719
[     983ms] [INFO] [HotReload] CLI hot reload disabled - No hot reload port specified. @ https://idiomfragrances.com/cdn/shopifycloud/theme-hot-reload/theme-hot-reload.js:316
[    6064ms] [VERBOSE] Rendering was performed in a subtree hidden by content-visibility. @ :3119
[    6067ms] [VERBOSE] Rendering was performed in a subtree hidden by content-visibility. @ :3119
[    6069ms] [VERBOSE] Rendering was performed in a subtree hidden by content-visibility. @ :2752
[   10888ms] [VERBOSE] Rendering was performed in a subtree hidden by content-visibility. @ :3119
[   10890ms] [VERBOSE] Rendering was performed in a subtree hidden by content-visibility. @ :3119
[   10891ms] [VERBOSE] Rendering was performed in a subtree hidden by content-visibility. @ :2752
[   24475ms] [ERROR] Failed to load resource: net::ERR_TIMED_OUT @ https://shop.app/checkouts/internal/preloads.js?locale=en-GB&shop_id=91491172729:0
[   28622ms] [WARNING] The resource https://idiomfragrances.com/cdn/shop/files/idiom_logo_black_150x45.png?v=1746711320 was preloaded using link preload but not used within a few seconds from the window's load event. Please make sure it has an appropriate `as` value and it is preloaded intentionally. @ https://idiomfragrances.com/products/3d-amp-100ml-copy?variant=55611347698041:0
[   28622ms] [WARNING] The resource https://idiomfragrances.com/cdn/shop/t/8/assets/loading.svg?v=91665432863842511931779072698 was preloaded using link preload but not used within a few seconds from the window's load event. Please make sure it has an appropriate `as` value and it is preloaded intentionally. @ https://idiomfragrances.com/products/3d-amp-100ml-copy?variant=55611347698041:0
[   72335ms] [LOG] AZ: Google Font & Custom Fonts v1.0.2 @ https://idiomfragrances.com/products/3d-amp-100ml-copy?variant=55611347698041:719
[   72929ms] [INFO] [HotReload] CLI hot reload disabled - No hot reload port specified. @ https://idiomfragrances.com/cdn/shopifycloud/theme-hot-reload/theme-hot-reload.js:316
[  102199ms] [ERROR] Failed to load resource: net::ERR_TIMED_OUT @ https://shop.app/checkouts/internal/preloads.js?locale=en-GB&shop_id=91491172729:0
[  103271ms] [ERROR] Unsafe attempt to load URL https://shop.app/pay/hop?analytics_trace_id=9786d76d-670b-4aa3-8bd3-d417a14741b0&target_origin=https%3A%2F%2Fidiomfragrances.com&client_handle=idiom-london.myshopify.com from frame with URL chrome-error://chromewebdata/. Domains, protocols and ports must match.
 @ chrome-error://chromewebdata/:0
[  107433ms] [WARNING] The resource https://idiomfragrances.com/cdn/shop/files/idiom_logo_black_150x45.png?v=1746711320 was preloaded using link preload but not used within a few seconds from the window's load event. Please make sure it has an appropriate `as` value and it is preloaded intentionally. @ https://idiomfragrances.com/products/3d-amp-100ml-copy?variant=55611347698041:0
[  107433ms] [WARNING] The resource https://idiomfragrances.com/cdn/shop/t/8/assets/loading.svg?v=91665432863842511931779072698 was preloaded using link preload but not used within a few seconds from the window's load event. Please make sure it has an appropriate `as` value and it is preloaded intentionally. @ https://idiomfragrances.com/products/3d-amp-100ml-copy?variant=55611347698041:0
[  122192ms] [WARNING] The resource https://idiomfragrances.com/cdn/shop/files/idiom_logo_black_150x45.png?v=1746711320 was preloaded using link preload but not used within a few seconds from the window's load event. Please make sure it has an appropriate `as` value and it is preloaded intentionally. @ https://idiomfragrances.com/products/3d-amp-100ml-copy?variant=55611347698041:0
[  122192ms] [WARNING] The resource https://idiomfragrances.com/cdn/shop/t/8/assets/loading.svg?v=91665432863842511931779072698 was preloaded using link preload but not used within a few seconds from the window's load event. Please make sure it has an appropriate `as` value and it is preloaded intentionally. @ https://idiomfragrances.com/products/3d-amp-100ml-copy?variant=55611347698041:0
[  166034ms] [VERBOSE] Rendering was performed in a subtree hidden by content-visibility. @ :3119
[  166036ms] [VERBOSE] Rendering was performed in a subtree hidden by content-visibility. @ :3119
[  166037ms] [VERBOSE] Rendering was performed in a subtree hidden by content-visibility. @ :2752
