[     658ms] [LOG] AZ: Google Font & Custom Fonts v1.0.3 @ https://idiomfragrances.com/products/3d-amp-100ml-copy?pb=0:977
[     870ms] ReferenceError: jdgm is not defined
    at https://idiomfragrances.com/products/3d-amp-100ml-copy?pb=0:4200:3
[     876ms] [INFO] [HotReload] CLI hot reload disabled - No hot reload port specified. @ https://idiomfragrances.com/cdn/shopifycloud/theme-hot-reload/theme-hot-reload.js:316
[     936ms] Uncaught ReferenceError: jdgmSettings is not defined
    at <anonymous> (https://cdnwidget.judge.me/shopify_v2.js:9:30529)
    at <anonymous> (https://cdnwidget.judge.me/shopify_v2.js:9:30869)
[     936ms] Uncaught ReferenceError: jdgmSettings is not defined
    at n (https://cdnwidget.judge.me/shopify_v2.js:9:12570)
    at <anonymous> (https://cdnwidget.judge.me/shopify_v2.js:9:13296)
    at l (https://cdnwidget.judge.me/shopify_v2.js:1:5733)
    at fireWith (https://cdnwidget.judge.me/shopify_v2.js:1:6501)
    at ready (https://cdnwidget.judge.me/shopify_v2.js:1:8318)
[    5924ms] [VERBOSE] Rendering was performed in a subtree hidden by content-visibility. @ :3190
[    5926ms] [VERBOSE] Rendering was performed in a subtree hidden by content-visibility. @ :3190
[    5928ms] [VERBOSE] Rendering was performed in a subtree hidden by content-visibility. @ :2823
[   26249ms] [VERBOSE] Rendering was performed in a subtree hidden by content-visibility. @ :3190
[   26252ms] [VERBOSE] Rendering was performed in a subtree hidden by content-visibility. @ :3190
[   26255ms] [VERBOSE] Rendering was performed in a subtree hidden by content-visibility. @ :2823
[   30807ms] [ERROR] Failed to load resource: net::ERR_TIMED_OUT @ https://shop.app/checkouts/internal/preloads.js?locale=en-GB&shop_id=91491172729:0
[   35048ms] [WARNING] The resource https://idiomfragrances.com/cdn/shop/t/10/assets/loading.svg?v=91665432863842511931783077723 was preloaded using link preload but not used within a few seconds from the window's load event. Please make sure it has an appropriate `as` value and it is preloaded intentionally. @ https://idiomfragrances.com/products/3d-amp-100ml-copy?pb=0:0
[   35048ms] [WARNING] The resource https://idiomfragrances.com/cdn/shop/files/idiom_logo_black_150x45.png?v=1746711320 was preloaded using link preload but not used within a few seconds from the window's load event. Please make sure it has an appropriate `as` value and it is preloaded intentionally. @ https://idiomfragrances.com/products/3d-amp-100ml-copy?pb=0:0
[   36956ms] [VERBOSE] Rendering was performed in a subtree hidden by content-visibility. @ :3190
[   36959ms] [VERBOSE] Rendering was performed in a subtree hidden by content-visibility. @ :3190
[   73748ms] [LOG] AZ: Google Font & Custom Fonts v1.0.3 @ https://idiomfragrances.com/products/3d-amp-100ml-copy?pb=0:977
[   73778ms] ReferenceError: jdgm is not defined
    at https://idiomfragrances.com/products/3d-amp-100ml-copy?pb=0:4200:3
[   73840ms] [INFO] [HotReload] CLI hot reload disabled - No hot reload port specified. @ https://idiomfragrances.com/cdn/shopifycloud/theme-hot-reload/theme-hot-reload.js:316
[   73952ms] Uncaught ReferenceError: jdgmSettings is not defined
    at <anonymous> (https://cdnwidget.judge.me/shopify_v2.js:9:30529)
    at <anonymous> (https://cdnwidget.judge.me/shopify_v2.js:9:30869)
[   73954ms] Uncaught ReferenceError: jdgmSettings is not defined
    at n (https://cdnwidget.judge.me/shopify_v2.js:9:12570)
    at <anonymous> (https://cdnwidget.judge.me/shopify_v2.js:9:13296)
    at l (https://cdnwidget.judge.me/shopify_v2.js:1:5733)
    at fireWith (https://cdnwidget.judge.me/shopify_v2.js:1:6501)
    at ready (https://cdnwidget.judge.me/shopify_v2.js:1:8318)
[   97108ms] [ERROR] Failed to load resource: net::ERR_TIMED_OUT @ https://shop.app/checkouts/internal/preloads.js?locale=en-GB&shop_id=91491172729:0
[  101218ms] [WARNING] The resource https://idiomfragrances.com/cdn/shop/t/10/assets/loading.svg?v=91665432863842511931783077723 was preloaded using link preload but not used within a few seconds from the window's load event. Please make sure it has an appropriate `as` value and it is preloaded intentionally. @ https://idiomfragrances.com/products/3d-amp-100ml-copy?pb=0:0
[  101218ms] [WARNING] The resource https://idiomfragrances.com/cdn/shop/files/idiom_logo_black_150x45.png?v=1746711320 was preloaded using link preload but not used within a few seconds from the window's load event. Please make sure it has an appropriate `as` value and it is preloaded intentionally. @ https://idiomfragrances.com/products/3d-amp-100ml-copy?pb=0:0
[ 1882689ms] [WARNING] The resource https://idiomfragrances.com/cdn/shop/t/10/assets/loading.svg?v=91665432863842511931783077723 was preloaded using link preload but not used within a few seconds from the window's load event. Please make sure it has an appropriate `as` value and it is preloaded intentionally. @ https://idiomfragrances.com/products/3d-amp-100ml-copy?pb=0:0
[ 1882689ms] [WARNING] The resource https://idiomfragrances.com/cdn/shop/files/idiom_logo_black_150x45.png?v=1746711320 was preloaded using link preload but not used within a few seconds from the window's load event. Please make sure it has an appropriate `as` value and it is preloaded intentionally. @ https://idiomfragrances.com/products/3d-amp-100ml-copy?pb=0:0
[ 3684563ms] [WARNING] The resource https://idiomfragrances.com/cdn/shop/t/10/assets/loading.svg?v=91665432863842511931783077723 was preloaded using link preload but not used within a few seconds from the window's load event. Please make sure it has an appropriate `as` value and it is preloaded intentionally. @ https://idiomfragrances.com/products/3d-amp-100ml-copy?pb=0:0
[ 3684563ms] [WARNING] The resource https://idiomfragrances.com/cdn/shop/files/idiom_logo_black_150x45.png?v=1746711320 was preloaded using link preload but not used within a few seconds from the window's load event. Please make sure it has an appropriate `as` value and it is preloaded intentionally. @ https://idiomfragrances.com/products/3d-amp-100ml-copy?pb=0:0
[ 5486458ms] [WARNING] The resource https://idiomfragrances.com/cdn/shop/t/10/assets/loading.svg?v=91665432863842511931783077723 was preloaded using link preload but not used within a few seconds from the window's load event. Please make sure it has an appropriate `as` value and it is preloaded intentionally. @ https://idiomfragrances.com/products/3d-amp-100ml-copy?pb=0:0
[ 5486458ms] [WARNING] The resource https://idiomfragrances.com/cdn/shop/files/idiom_logo_black_150x45.png?v=1746711320 was preloaded using link preload but not used within a few seconds from the window's load event. Please make sure it has an appropriate `as` value and it is preloaded intentionally. @ https://idiomfragrances.com/products/3d-amp-100ml-copy?pb=0:0
[ 7288046ms] [WARNING] The resource https://idiomfragrances.com/cdn/shop/t/10/assets/loading.svg?v=91665432863842511931783077723 was preloaded using link preload but not used within a few seconds from the window's load event. Please make sure it has an appropriate `as` value and it is preloaded intentionally. @ https://idiomfragrances.com/products/3d-amp-100ml-copy?pb=0:0
[ 7288046ms] [WARNING] The resource https://idiomfragrances.com/cdn/shop/files/idiom_logo_black_150x45.png?v=1746711320 was preloaded using link preload but not used within a few seconds from the window's load event. Please make sure it has an appropriate `as` value and it is preloaded intentionally. @ https://idiomfragrances.com/products/3d-amp-100ml-copy?pb=0:0
[ 9090031ms] [WARNING] The resource https://idiomfragrances.com/cdn/shop/t/10/assets/loading.svg?v=91665432863842511931783077723 was preloaded using link preload but not used within a few seconds from the window's load event. Please make sure it has an appropriate `as` value and it is preloaded intentionally. @ https://idiomfragrances.com/products/3d-amp-100ml-copy?pb=0:0
[ 9090031ms] [WARNING] The resource https://idiomfragrances.com/cdn/shop/files/idiom_logo_black_150x45.png?v=1746711320 was preloaded using link preload but not used within a few seconds from the window's load event. Please make sure it has an appropriate `as` value and it is preloaded intentionally. @ https://idiomfragrances.com/products/3d-amp-100ml-copy?pb=0:0
[10891356ms] [WARNING] The resource https://idiomfragrances.com/cdn/shop/t/10/assets/loading.svg?v=91665432863842511931783077723 was preloaded using link preload but not used within a few seconds from the window's load event. Please make sure it has an appropriate `as` value and it is preloaded intentionally. @ https://idiomfragrances.com/products/3d-amp-100ml-copy?pb=0:0
[10891356ms] [WARNING] The resource https://idiomfragrances.com/cdn/shop/files/idiom_logo_black_150x45.png?v=1746711320 was preloaded using link preload but not used within a few seconds from the window's load event. Please make sure it has an appropriate `as` value and it is preloaded intentionally. @ https://idiomfragrances.com/products/3d-amp-100ml-copy?pb=0:0
[12692542ms] [WARNING] The resource https://idiomfragrances.com/cdn/shop/t/10/assets/loading.svg?v=91665432863842511931783077723 was preloaded using link preload but not used within a few seconds from the window's load event. Please make sure it has an appropriate `as` value and it is preloaded intentionally. @ https://idiomfragrances.com/products/3d-amp-100ml-copy?pb=0:0
[12692542ms] [WARNING] The resource https://idiomfragrances.com/cdn/shop/files/idiom_logo_black_150x45.png?v=1746711320 was preloaded using link preload but not used within a few seconds from the window's load event. Please make sure it has an appropriate `as` value and it is preloaded intentionally. @ https://idiomfragrances.com/products/3d-amp-100ml-copy?pb=0:0
[14494148ms] [WARNING] The resource https://idiomfragrances.com/cdn/shop/t/10/assets/loading.svg?v=91665432863842511931783077723 was preloaded using link preload but not used within a few seconds from the window's load event. Please make sure it has an appropriate `as` value and it is preloaded intentionally. @ https://idiomfragrances.com/products/3d-amp-100ml-copy?pb=0:0
[14494148ms] [WARNING] The resource https://idiomfragrances.com/cdn/shop/files/idiom_logo_black_150x45.png?v=1746711320 was preloaded using link preload but not used within a few seconds from the window's load event. Please make sure it has an appropriate `as` value and it is preloaded intentionally. @ https://idiomfragrances.com/products/3d-amp-100ml-copy?pb=0:0
[16296083ms] [WARNING] The resource https://idiomfragrances.com/cdn/shop/t/10/assets/loading.svg?v=91665432863842511931783077723 was preloaded using link preload but not used within a few seconds from the window's load event. Please make sure it has an appropriate `as` value and it is preloaded intentionally. @ https://idiomfragrances.com/products/3d-amp-100ml-copy?pb=0:0
[16296083ms] [WARNING] The resource https://idiomfragrances.com/cdn/shop/files/idiom_logo_black_150x45.png?v=1746711320 was preloaded using link preload but not used within a few seconds from the window's load event. Please make sure it has an appropriate `as` value and it is preloaded intentionally. @ https://idiomfragrances.com/products/3d-amp-100ml-copy?pb=0:0
[18097900ms] [WARNING] The resource https://idiomfragrances.com/cdn/shop/t/10/assets/loading.svg?v=91665432863842511931783077723 was preloaded using link preload but not used within a few seconds from the window's load event. Please make sure it has an appropriate `as` value and it is preloaded intentionally. @ https://idiomfragrances.com/products/3d-amp-100ml-copy?pb=0:0
[18097901ms] [WARNING] The resource https://idiomfragrances.com/cdn/shop/files/idiom_logo_black_150x45.png?v=1746711320 was preloaded using link preload but not used within a few seconds from the window's load event. Please make sure it has an appropriate `as` value and it is preloaded intentionally. @ https://idiomfragrances.com/products/3d-amp-100ml-copy?pb=0:0
[19899274ms] [WARNING] The resource https://idiomfragrances.com/cdn/shop/t/10/assets/loading.svg?v=91665432863842511931783077723 was preloaded using link preload but not used within a few seconds from the window's load event. Please make sure it has an appropriate `as` value and it is preloaded intentionally. @ https://idiomfragrances.com/products/3d-amp-100ml-copy?pb=0:0
[19899275ms] [WARNING] The resource https://idiomfragrances.com/cdn/shop/files/idiom_logo_black_150x45.png?v=1746711320 was preloaded using link preload but not used within a few seconds from the window's load event. Please make sure it has an appropriate `as` value and it is preloaded intentionally. @ https://idiomfragrances.com/products/3d-amp-100ml-copy?pb=0:0
[21701043ms] [WARNING] The resource https://idiomfragrances.com/cdn/shop/t/10/assets/loading.svg?v=91665432863842511931783077723 was preloaded using link preload but not used within a few seconds from the window's load event. Please make sure it has an appropriate `as` value and it is preloaded intentionally. @ https://idiomfragrances.com/products/3d-amp-100ml-copy?pb=0:0
[21701043ms] [WARNING] The resource https://idiomfragrances.com/cdn/shop/files/idiom_logo_black_150x45.png?v=1746711320 was preloaded using link preload but not used within a few seconds from the window's load event. Please make sure it has an appropriate `as` value and it is preloaded intentionally. @ https://idiomfragrances.com/products/3d-amp-100ml-copy?pb=0:0
[23502780ms] [WARNING] The resource https://idiomfragrances.com/cdn/shop/t/10/assets/loading.svg?v=91665432863842511931783077723 was preloaded using link preload but not used within a few seconds from the window's load event. Please make sure it has an appropriate `as` value and it is preloaded intentionally. @ https://idiomfragrances.com/products/3d-amp-100ml-copy?pb=0:0
[23502780ms] [WARNING] The resource https://idiomfragrances.com/cdn/shop/files/idiom_logo_black_150x45.png?v=1746711320 was preloaded using link preload but not used within a few seconds from the window's load event. Please make sure it has an appropriate `as` value and it is preloaded intentionally. @ https://idiomfragrances.com/products/3d-amp-100ml-copy?pb=0:0
[25304710ms] [WARNING] The resource https://idiomfragrances.com/cdn/shop/t/10/assets/loading.svg?v=91665432863842511931783077723 was preloaded using link preload but not used within a few seconds from the window's load event. Please make sure it has an appropriate `as` value and it is preloaded intentionally. @ https://idiomfragrances.com/products/3d-amp-100ml-copy?pb=0:0
[25304710ms] [WARNING] The resource https://idiomfragrances.com/cdn/shop/files/idiom_logo_black_150x45.png?v=1746711320 was preloaded using link preload but not used within a few seconds from the window's load event. Please make sure it has an appropriate `as` value and it is preloaded intentionally. @ https://idiomfragrances.com/products/3d-amp-100ml-copy?pb=0:0
[27106607ms] [WARNING] The resource https://idiomfragrances.com/cdn/shop/t/10/assets/loading.svg?v=91665432863842511931783077723 was preloaded using link preload but not used within a few seconds from the window's load event. Please make sure it has an appropriate `as` value and it is preloaded intentionally. @ https://idiomfragrances.com/products/3d-amp-100ml-copy?pb=0:0
[27106608ms] [WARNING] The resource https://idiomfragrances.com/cdn/shop/files/idiom_logo_black_150x45.png?v=1746711320 was preloaded using link preload but not used within a few seconds from the window's load event. Please make sure it has an appropriate `as` value and it is preloaded intentionally. @ https://idiomfragrances.com/products/3d-amp-100ml-copy?pb=0:0
[28908478ms] [WARNING] The resource https://idiomfragrances.com/cdn/shop/t/10/assets/loading.svg?v=91665432863842511931783077723 was preloaded using link preload but not used within a few seconds from the window's load event. Please make sure it has an appropriate `as` value and it is preloaded intentionally. @ https://idiomfragrances.com/products/3d-amp-100ml-copy?pb=0:0
[28908478ms] [WARNING] The resource https://idiomfragrances.com/cdn/shop/files/idiom_logo_black_150x45.png?v=1746711320 was preloaded using link preload but not used within a few seconds from the window's load event. Please make sure it has an appropriate `as` value and it is preloaded intentionally. @ https://idiomfragrances.com/products/3d-amp-100ml-copy?pb=0:0
[30709795ms] [WARNING] The resource https://idiomfragrances.com/cdn/shop/t/10/assets/loading.svg?v=91665432863842511931783077723 was preloaded using link preload but not used within a few seconds from the window's load event. Please make sure it has an appropriate `as` value and it is preloaded intentionally. @ https://idiomfragrances.com/products/3d-amp-100ml-copy?pb=0:0
[30709795ms] [WARNING] The resource https://idiomfragrances.com/cdn/shop/files/idiom_logo_black_150x45.png?v=1746711320 was preloaded using link preload but not used within a few seconds from the window's load event. Please make sure it has an appropriate `as` value and it is preloaded intentionally. @ https://idiomfragrances.com/products/3d-amp-100ml-copy?pb=0:0
[32511743ms] [WARNING] The resource https://idiomfragrances.com/cdn/shop/t/10/assets/loading.svg?v=91665432863842511931783077723 was preloaded using link preload but not used within a few seconds from the window's load event. Please make sure it has an appropriate `as` value and it is preloaded intentionally. @ https://idiomfragrances.com/products/3d-amp-100ml-copy?pb=0:0
[32511743ms] [WARNING] The resource https://idiomfragrances.com/cdn/shop/files/idiom_logo_black_150x45.png?v=1746711320 was preloaded using link preload but not used within a few seconds from the window's load event. Please make sure it has an appropriate `as` value and it is preloaded intentionally. @ https://idiomfragrances.com/products/3d-amp-100ml-copy?pb=0:0
[34313373ms] [WARNING] The resource https://idiomfragrances.com/cdn/shop/t/10/assets/loading.svg?v=91665432863842511931783077723 was preloaded using link preload but not used within a few seconds from the window's load event. Please make sure it has an appropriate `as` value and it is preloaded intentionally. @ https://idiomfragrances.com/products/3d-amp-100ml-copy?pb=0:0
[34313373ms] [WARNING] The resource https://idiomfragrances.com/cdn/shop/files/idiom_logo_black_150x45.png?v=1746711320 was preloaded using link preload but not used within a few seconds from the window's load event. Please make sure it has an appropriate `as` value and it is preloaded intentionally. @ https://idiomfragrances.com/products/3d-amp-100ml-copy?pb=0:0
[36115107ms] [WARNING] The resource https://idiomfragrances.com/cdn/shop/t/10/assets/loading.svg?v=91665432863842511931783077723 was preloaded using link preload but not used within a few seconds from the window's load event. Please make sure it has an appropriate `as` value and it is preloaded intentionally. @ https://idiomfragrances.com/products/3d-amp-100ml-copy?pb=0:0
[36115107ms] [WARNING] The resource https://idiomfragrances.com/cdn/shop/files/idiom_logo_black_150x45.png?v=1746711320 was preloaded using link preload but not used within a few seconds from the window's load event. Please make sure it has an appropriate `as` value and it is preloaded intentionally. @ https://idiomfragrances.com/products/3d-amp-100ml-copy?pb=0:0
[37917046ms] [WARNING] The resource https://idiomfragrances.com/cdn/shop/t/10/assets/loading.svg?v=91665432863842511931783077723 was preloaded using link preload but not used within a few seconds from the window's load event. Please make sure it has an appropriate `as` value and it is preloaded intentionally. @ https://idiomfragrances.com/products/3d-amp-100ml-copy?pb=0:0
[37917046ms] [WARNING] The resource https://idiomfragrances.com/cdn/shop/files/idiom_logo_black_150x45.png?v=1746711320 was preloaded using link preload but not used within a few seconds from the window's load event. Please make sure it has an appropriate `as` value and it is preloaded intentionally. @ https://idiomfragrances.com/products/3d-amp-100ml-copy?pb=0:0
[40022395ms] [ERROR] Failed to load resource: net::ERR_INTERNET_DISCONNECTED @ https://idiomfragrances.com/api/collect:0
[40023404ms] [ERROR] Failed to load resource: net::ERR_INTERNET_DISCONNECTED @ https://idiomfragrances.com/api/collect:0
[41005186ms] [ERROR] Failed to load resource: net::ERR_INTERNET_DISCONNECTED @ https://idiomfragrances.com/api/collect:0
[41007174ms] [ERROR] Failed to load resource: net::ERR_INTERNET_DISCONNECTED @ https://idiomfragrances.com/api/collect:0
[41017420ms] [ERROR] Failed to load resource: net::ERR_INTERNET_DISCONNECTED @ https://idiomfragrances.com/api/collect:0
[41020408ms] [ERROR] Failed to load resource: net::ERR_INTERNET_DISCONNECTED @ https://idiomfragrances.com/api/collect:0
[41023410ms] [WARNING] The resource https://idiomfragrances.com/cdn/shop/t/10/assets/loading.svg?v=91665432863842511931783077723 was preloaded using link preload but not used within a few seconds from the window's load event. Please make sure it has an appropriate `as` value and it is preloaded intentionally. @ https://idiomfragrances.com/products/3d-amp-100ml-copy?pb=0:0
[41023410ms] [WARNING] The resource https://idiomfragrances.com/cdn/shop/files/idiom_logo_black_150x45.png?v=1746711320 was preloaded using link preload but not used within a few seconds from the window's load event. Please make sure it has an appropriate `as` value and it is preloaded intentionally. @ https://idiomfragrances.com/products/3d-amp-100ml-copy?pb=0:0
[41025418ms] [ERROR] Failed to load resource: net::ERR_INTERNET_DISCONNECTED @ https://idiomfragrances.com/api/collect:0
[41028418ms] [WARNING] The resource https://idiomfragrances.com/cdn/shop/t/10/assets/loading.svg?v=91665432863842511931783077723 was preloaded using link preload but not used within a few seconds from the window's load event. Please make sure it has an appropriate `as` value and it is preloaded intentionally. @ https://idiomfragrances.com/products/3d-amp-100ml-copy?pb=0:0
[41028418ms] [WARNING] The resource https://idiomfragrances.com/cdn/shop/files/idiom_logo_black_150x45.png?v=1746711320 was preloaded using link preload but not used within a few seconds from the window's load event. Please make sure it has an appropriate `as` value and it is preloaded intentionally. @ https://idiomfragrances.com/products/3d-amp-100ml-copy?pb=0:0
[42068331ms] [ERROR] Failed to load resource: net::ERR_INTERNET_DISCONNECTED @ https://idiomfragrances.com/api/collect:0
[42071334ms] [WARNING] The resource https://idiomfragrances.com/cdn/shop/t/10/assets/loading.svg?v=91665432863842511931783077723 was preloaded using link preload but not used within a few seconds from the window's load event. Please make sure it has an appropriate `as` value and it is preloaded intentionally. @ https://idiomfragrances.com/products/3d-amp-100ml-copy?pb=0:0
[42071335ms] [WARNING] The resource https://idiomfragrances.com/cdn/shop/files/idiom_logo_black_150x45.png?v=1746711320 was preloaded using link preload but not used within a few seconds from the window's load event. Please make sure it has an appropriate `as` value and it is preloaded intentionally. @ https://idiomfragrances.com/products/3d-amp-100ml-copy?pb=0:0
[43104161ms] [ERROR] Failed to load resource: net::ERR_INTERNET_DISCONNECTED @ https://idiomfragrances.com/api/collect:0
[43107162ms] [WARNING] The resource https://idiomfragrances.com/cdn/shop/t/10/assets/loading.svg?v=91665432863842511931783077723 was preloaded using link preload but not used within a few seconds from the window's load event. Please make sure it has an appropriate `as` value and it is preloaded intentionally. @ https://idiomfragrances.com/products/3d-amp-100ml-copy?pb=0:0
[43107162ms] [WARNING] The resource https://idiomfragrances.com/cdn/shop/files/idiom_logo_black_150x45.png?v=1746711320 was preloaded using link preload but not used within a few seconds from the window's load event. Please make sure it has an appropriate `as` value and it is preloaded intentionally. @ https://idiomfragrances.com/products/3d-amp-100ml-copy?pb=0:0
[43115415ms] [ERROR] Failed to load resource: net::ERR_INTERNET_DISCONNECTED @ https://idiomfragrances.com/api/collect:0
[43118418ms] [WARNING] The resource https://idiomfragrances.com/cdn/shop/t/10/assets/loading.svg?v=91665432863842511931783077723 was preloaded using link preload but not used within a few seconds from the window's load event. Please make sure it has an appropriate `as` value and it is preloaded intentionally. @ https://idiomfragrances.com/products/3d-amp-100ml-copy?pb=0:0
[43118418ms] [WARNING] The resource https://idiomfragrances.com/cdn/shop/files/idiom_logo_black_150x45.png?v=1746711320 was preloaded using link preload but not used within a few seconds from the window's load event. Please make sure it has an appropriate `as` value and it is preloaded intentionally. @ https://idiomfragrances.com/products/3d-amp-100ml-copy?pb=0:0
[43120423ms] [ERROR] Failed to load resource: net::ERR_INTERNET_DISCONNECTED @ https://idiomfragrances.com/api/collect:0
[43123423ms] [WARNING] The resource https://idiomfragrances.com/cdn/shop/t/10/assets/loading.svg?v=91665432863842511931783077723 was preloaded using link preload but not used within a few seconds from the window's load event. Please make sure it has an appropriate `as` value and it is preloaded intentionally. @ https://idiomfragrances.com/products/3d-amp-100ml-copy?pb=0:0
[43123423ms] [WARNING] The resource https://idiomfragrances.com/cdn/shop/files/idiom_logo_black_150x45.png?v=1746711320 was preloaded using link preload but not used within a few seconds from the window's load event. Please make sure it has an appropriate `as` value and it is preloaded intentionally. @ https://idiomfragrances.com/products/3d-amp-100ml-copy?pb=0:0
[43125428ms] [ERROR] Failed to load resource: net::ERR_INTERNET_DISCONNECTED @ https://idiomfragrances.com/api/collect:0
[43128430ms] [WARNING] The resource https://idiomfragrances.com/cdn/shop/t/10/assets/loading.svg?v=91665432863842511931783077723 was preloaded using link preload but not used within a few seconds from the window's load event. Please make sure it has an appropriate `as` value and it is preloaded intentionally. @ https://idiomfragrances.com/products/3d-amp-100ml-copy?pb=0:0
[43128430ms] [WARNING] The resource https://idiomfragrances.com/cdn/shop/files/idiom_logo_black_150x45.png?v=1746711320 was preloaded using link preload but not used within a few seconds from the window's load event. Please make sure it has an appropriate `as` value and it is preloaded intentionally. @ https://idiomfragrances.com/products/3d-amp-100ml-copy?pb=0:0
[43130437ms] [ERROR] Failed to load resource: net::ERR_INTERNET_DISCONNECTED @ https://idiomfragrances.com/api/collect:0
[43244220ms] [WARNING] The resource https://idiomfragrances.com/cdn/shop/t/10/assets/loading.svg?v=91665432863842511931783077723 was preloaded using link preload but not used within a few seconds from the window's load event. Please make sure it has an appropriate `as` value and it is preloaded intentionally. @ https://idiomfragrances.com/products/3d-amp-100ml-copy?pb=0:0
[43244220ms] [WARNING] The resource https://idiomfragrances.com/cdn/shop/files/idiom_logo_black_150x45.png?v=1746711320 was preloaded using link preload but not used within a few seconds from the window's load event. Please make sure it has an appropriate `as` value and it is preloaded intentionally. @ https://idiomfragrances.com/products/3d-amp-100ml-copy?pb=0:0
[43245509ms] [ERROR] Failed to load resource: net::ERR_INTERNET_DISCONNECTED @ https://idiomfragrances.com/api/collect:0
[43248510ms] [WARNING] The resource https://idiomfragrances.com/cdn/shop/t/10/assets/loading.svg?v=91665432863842511931783077723 was preloaded using link preload but not used within a few seconds from the window's load event. Please make sure it has an appropriate `as` value and it is preloaded intentionally. @ https://idiomfragrances.com/products/3d-amp-100ml-copy?pb=0:0
[43248510ms] [WARNING] The resource https://idiomfragrances.com/cdn/shop/files/idiom_logo_black_150x45.png?v=1746711320 was preloaded using link preload but not used within a few seconds from the window's load event. Please make sure it has an appropriate `as` value and it is preloaded intentionally. @ https://idiomfragrances.com/products/3d-amp-100ml-copy?pb=0:0
[43250519ms] [ERROR] Failed to load resource: net::ERR_INTERNET_DISCONNECTED @ https://idiomfragrances.com/api/collect:0
[43253521ms] [WARNING] The resource https://idiomfragrances.com/cdn/shop/t/10/assets/loading.svg?v=91665432863842511931783077723 was preloaded using link preload but not used within a few seconds from the window's load event. Please make sure it has an appropriate `as` value and it is preloaded intentionally. @ https://idiomfragrances.com/products/3d-amp-100ml-copy?pb=0:0
[43253521ms] [WARNING] The resource https://idiomfragrances.com/cdn/shop/files/idiom_logo_black_150x45.png?v=1746711320 was preloaded using link preload but not used within a few seconds from the window's load event. Please make sure it has an appropriate `as` value and it is preloaded intentionally. @ https://idiomfragrances.com/products/3d-amp-100ml-copy?pb=0:0
[43255528ms] [ERROR] Failed to load resource: net::ERR_INTERNET_DISCONNECTED @ https://idiomfragrances.com/api/collect:0
[43258529ms] [WARNING] The resource https://idiomfragrances.com/cdn/shop/t/10/assets/loading.svg?v=91665432863842511931783077723 was preloaded using link preload but not used within a few seconds from the window's load event. Please make sure it has an appropriate `as` value and it is preloaded intentionally. @ https://idiomfragrances.com/products/3d-amp-100ml-copy?pb=0:0
[43258529ms] [WARNING] The resource https://idiomfragrances.com/cdn/shop/files/idiom_logo_black_150x45.png?v=1746711320 was preloaded using link preload but not used within a few seconds from the window's load event. Please make sure it has an appropriate `as` value and it is preloaded intentionally. @ https://idiomfragrances.com/products/3d-amp-100ml-copy?pb=0:0
[43271921ms] [ERROR] Failed to load resource: net::ERR_INTERNET_DISCONNECTED @ https://idiomfragrances.com/api/collect:0
[43274923ms] [WARNING] The resource https://idiomfragrances.com/cdn/shop/t/10/assets/loading.svg?v=91665432863842511931783077723 was preloaded using link preload but not used within a few seconds from the window's load event. Please make sure it has an appropriate `as` value and it is preloaded intentionally. @ https://idiomfragrances.com/products/3d-amp-100ml-copy?pb=0:0
[43274923ms] [WARNING] The resource https://idiomfragrances.com/cdn/shop/files/idiom_logo_black_150x45.png?v=1746711320 was preloaded using link preload but not used within a few seconds from the window's load event. Please make sure it has an appropriate `as` value and it is preloaded intentionally. @ https://idiomfragrances.com/products/3d-amp-100ml-copy?pb=0:0
[43276929ms] [ERROR] Failed to load resource: net::ERR_INTERNET_DISCONNECTED @ https://idiomfragrances.com/api/collect:0
[43285613ms] [WARNING] The resource https://idiomfragrances.com/cdn/shop/t/10/assets/loading.svg?v=91665432863842511931783077723 was preloaded using link preload but not used within a few seconds from the window's load event. Please make sure it has an appropriate `as` value and it is preloaded intentionally. @ https://idiomfragrances.com/products/3d-amp-100ml-copy?pb=0:0
[43285613ms] [WARNING] The resource https://idiomfragrances.com/cdn/shop/files/idiom_logo_black_150x45.png?v=1746711320 was preloaded using link preload but not used within a few seconds from the window's load event. Please make sure it has an appropriate `as` value and it is preloaded intentionally. @ https://idiomfragrances.com/products/3d-amp-100ml-copy?pb=0:0
[43287620ms] [ERROR] Failed to load resource: net::ERR_INTERNET_DISCONNECTED @ https://idiomfragrances.com/api/collect:0
[43290623ms] [WARNING] The resource https://idiomfragrances.com/cdn/shop/t/10/assets/loading.svg?v=91665432863842511931783077723 was preloaded using link preload but not used within a few seconds from the window's load event. Please make sure it has an appropriate `as` value and it is preloaded intentionally. @ https://idiomfragrances.com/products/3d-amp-100ml-copy?pb=0:0
[43290623ms] [WARNING] The resource https://idiomfragrances.com/cdn/shop/files/idiom_logo_black_150x45.png?v=1746711320 was preloaded using link preload but not used within a few seconds from the window's load event. Please make sure it has an appropriate `as` value and it is preloaded intentionally. @ https://idiomfragrances.com/products/3d-amp-100ml-copy?pb=0:0
[43293090ms] [ERROR] Failed to load resource: net::ERR_INTERNET_DISCONNECTED @ https://idiomfragrances.com/api/collect:0
[43296091ms] [WARNING] The resource https://idiomfragrances.com/cdn/shop/t/10/assets/loading.svg?v=91665432863842511931783077723 was preloaded using link preload but not used within a few seconds from the window's load event. Please make sure it has an appropriate `as` value and it is preloaded intentionally. @ https://idiomfragrances.com/products/3d-amp-100ml-copy?pb=0:0
[43296092ms] [WARNING] The resource https://idiomfragrances.com/cdn/shop/files/idiom_logo_black_150x45.png?v=1746711320 was preloaded using link preload but not used within a few seconds from the window's load event. Please make sure it has an appropriate `as` value and it is preloaded intentionally. @ https://idiomfragrances.com/products/3d-amp-100ml-copy?pb=0:0
[43298098ms] [ERROR] Failed to load resource: net::ERR_INTERNET_DISCONNECTED @ https://idiomfragrances.com/api/collect:0
[43303059ms] [WARNING] The resource https://idiomfragrances.com/cdn/shop/t/10/assets/loading.svg?v=91665432863842511931783077723 was preloaded using link preload but not used within a few seconds from the window's load event. Please make sure it has an appropriate `as` value and it is preloaded intentionally. @ https://idiomfragrances.com/products/3d-amp-100ml-copy?pb=0:0
[43303073ms] [WARNING] The resource https://idiomfragrances.com/cdn/shop/files/idiom_logo_black_150x45.png?v=1746711320 was preloaded using link preload but not used within a few seconds from the window's load event. Please make sure it has an appropriate `as` value and it is preloaded intentionally. @ https://idiomfragrances.com/products/3d-amp-100ml-copy?pb=0:0
[43305118ms] [ERROR] Failed to load resource: net::ERR_INTERNET_DISCONNECTED @ https://idiomfragrances.com/api/collect:0
[43308119ms] [WARNING] The resource https://idiomfragrances.com/cdn/shop/t/10/assets/loading.svg?v=91665432863842511931783077723 was preloaded using link preload but not used within a few seconds from the window's load event. Please make sure it has an appropriate `as` value and it is preloaded intentionally. @ https://idiomfragrances.com/products/3d-amp-100ml-copy?pb=0:0
[43308119ms] [WARNING] The resource https://idiomfragrances.com/cdn/shop/files/idiom_logo_black_150x45.png?v=1746711320 was preloaded using link preload but not used within a few seconds from the window's load event. Please make sure it has an appropriate `as` value and it is preloaded intentionally. @ https://idiomfragrances.com/products/3d-amp-100ml-copy?pb=0:0
[43310126ms] [ERROR] Failed to load resource: net::ERR_INTERNET_DISCONNECTED @ https://idiomfragrances.com/api/collect:0
[43313127ms] [WARNING] The resource https://idiomfragrances.com/cdn/shop/t/10/assets/loading.svg?v=91665432863842511931783077723 was preloaded using link preload but not used within a few seconds from the window's load event. Please make sure it has an appropriate `as` value and it is preloaded intentionally. @ https://idiomfragrances.com/products/3d-amp-100ml-copy?pb=0:0
[43313127ms] [WARNING] The resource https://idiomfragrances.com/cdn/shop/files/idiom_logo_black_150x45.png?v=1746711320 was preloaded using link preload but not used within a few seconds from the window's load event. Please make sure it has an appropriate `as` value and it is preloaded intentionally. @ https://idiomfragrances.com/products/3d-amp-100ml-copy?pb=0:0
[43315134ms] [ERROR] Failed to load resource: net::ERR_INTERNET_DISCONNECTED @ https://idiomfragrances.com/api/collect:0
[43318135ms] [WARNING] The resource https://idiomfragrances.com/cdn/shop/t/10/assets/loading.svg?v=91665432863842511931783077723 was preloaded using link preload but not used within a few seconds from the window's load event. Please make sure it has an appropriate `as` value and it is preloaded intentionally. @ https://idiomfragrances.com/products/3d-amp-100ml-copy?pb=0:0
[43318135ms] [WARNING] The resource https://idiomfragrances.com/cdn/shop/files/idiom_logo_black_150x45.png?v=1746711320 was preloaded using link preload but not used within a few seconds from the window's load event. Please make sure it has an appropriate `as` value and it is preloaded intentionally. @ https://idiomfragrances.com/products/3d-amp-100ml-copy?pb=0:0
[43320140ms] [ERROR] Failed to load resource: net::ERR_INTERNET_DISCONNECTED @ https://idiomfragrances.com/api/collect:0
[43323142ms] [WARNING] The resource https://idiomfragrances.com/cdn/shop/t/10/assets/loading.svg?v=91665432863842511931783077723 was preloaded using link preload but not used within a few seconds from the window's load event. Please make sure it has an appropriate `as` value and it is preloaded intentionally. @ https://idiomfragrances.com/products/3d-amp-100ml-copy?pb=0:0
[43323142ms] [WARNING] The resource https://idiomfragrances.com/cdn/shop/files/idiom_logo_black_150x45.png?v=1746711320 was preloaded using link preload but not used within a few seconds from the window's load event. Please make sure it has an appropriate `as` value and it is preloaded intentionally. @ https://idiomfragrances.com/products/3d-amp-100ml-copy?pb=0:0
[43325146ms] [ERROR] Failed to load resource: net::ERR_INTERNET_DISCONNECTED @ https://idiomfragrances.com/api/collect:0
[43328147ms] [WARNING] The resource https://idiomfragrances.com/cdn/shop/t/10/assets/loading.svg?v=91665432863842511931783077723 was preloaded using link preload but not used within a few seconds from the window's load event. Please make sure it has an appropriate `as` value and it is preloaded intentionally. @ https://idiomfragrances.com/products/3d-amp-100ml-copy?pb=0:0
[43328147ms] [WARNING] The resource https://idiomfragrances.com/cdn/shop/files/idiom_logo_black_150x45.png?v=1746711320 was preloaded using link preload but not used within a few seconds from the window's load event. Please make sure it has an appropriate `as` value and it is preloaded intentionally. @ https://idiomfragrances.com/products/3d-amp-100ml-copy?pb=0:0
[43330156ms] [ERROR] Failed to load resource: net::ERR_INTERNET_DISCONNECTED @ https://idiomfragrances.com/api/collect:0
[43333156ms] [WARNING] The resource https://idiomfragrances.com/cdn/shop/t/10/assets/loading.svg?v=91665432863842511931783077723 was preloaded using link preload but not used within a few seconds from the window's load event. Please make sure it has an appropriate `as` value and it is preloaded intentionally. @ https://idiomfragrances.com/products/3d-amp-100ml-copy?pb=0:0
[43333156ms] [WARNING] The resource https://idiomfragrances.com/cdn/shop/files/idiom_logo_black_150x45.png?v=1746711320 was preloaded using link preload but not used within a few seconds from the window's load event. Please make sure it has an appropriate `as` value and it is preloaded intentionally. @ https://idiomfragrances.com/products/3d-amp-100ml-copy?pb=0:0
[43335163ms] [ERROR] Failed to load resource: net::ERR_INTERNET_DISCONNECTED @ https://idiomfragrances.com/api/collect:0
[43338164ms] [WARNING] The resource https://idiomfragrances.com/cdn/shop/t/10/assets/loading.svg?v=91665432863842511931783077723 was preloaded using link preload but not used within a few seconds from the window's load event. Please make sure it has an appropriate `as` value and it is preloaded intentionally. @ https://idiomfragrances.com/products/3d-amp-100ml-copy?pb=0:0
[43338164ms] [WARNING] The resource https://idiomfragrances.com/cdn/shop/files/idiom_logo_black_150x45.png?v=1746711320 was preloaded using link preload but not used within a few seconds from the window's load event. Please make sure it has an appropriate `as` value and it is preloaded intentionally. @ https://idiomfragrances.com/products/3d-amp-100ml-copy?pb=0:0
[43346627ms] [WARNING] The resource https://idiomfragrances.com/cdn/shop/t/10/assets/loading.svg?v=91665432863842511931783077723 was preloaded using link preload but not used within a few seconds from the window's load event. Please make sure it has an appropriate `as` value and it is preloaded intentionally. @ https://idiomfragrances.com/products/3d-amp-100ml-copy?pb=0:0
[43346627ms] [WARNING] The resource https://idiomfragrances.com/cdn/shop/files/idiom_logo_black_150x45.png?v=1746711320 was preloaded using link preload but not used within a few seconds from the window's load event. Please make sure it has an appropriate `as` value and it is preloaded intentionally. @ https://idiomfragrances.com/products/3d-amp-100ml-copy?pb=0:0
[45473486ms] [ERROR] Failed to load resource: net::ERR_INTERNET_DISCONNECTED @ https://idiomfragrances.com/api/collect:0
[45474495ms] [ERROR] Failed to load resource: net::ERR_INTERNET_DISCONNECTED @ https://idiomfragrances.com/api/collect:0
[45476502ms] [ERROR] Failed to load resource: net::ERR_INTERNET_DISCONNECTED @ https://idiomfragrances.com/api/collect:0
[46424287ms] [ERROR] Failed to load resource: net::ERR_INTERNET_DISCONNECTED @ https://idiomfragrances.com/api/collect:0
[46426304ms] [ERROR] Failed to load resource: net::ERR_INTERNET_DISCONNECTED @ https://idiomfragrances.com/api/collect:0
[47023455ms] [ERROR] Failed to load resource: net::ERR_INTERNET_DISCONNECTED @ https://idiomfragrances.com/api/collect:0
[47026456ms] [WARNING] The resource https://idiomfragrances.com/cdn/shop/t/10/assets/loading.svg?v=91665432863842511931783077723 was preloaded using link preload but not used within a few seconds from the window's load event. Please make sure it has an appropriate `as` value and it is preloaded intentionally. @ https://idiomfragrances.com/products/3d-amp-100ml-copy?pb=0:0
[47026458ms] [WARNING] The resource https://idiomfragrances.com/cdn/shop/files/idiom_logo_black_150x45.png?v=1746711320 was preloaded using link preload but not used within a few seconds from the window's load event. Please make sure it has an appropriate `as` value and it is preloaded intentionally. @ https://idiomfragrances.com/products/3d-amp-100ml-copy?pb=0:0
[47028470ms] [ERROR] Failed to load resource: net::ERR_INTERNET_DISCONNECTED @ https://idiomfragrances.com/api/collect:0
[47031472ms] [WARNING] The resource https://idiomfragrances.com/cdn/shop/t/10/assets/loading.svg?v=91665432863842511931783077723 was preloaded using link preload but not used within a few seconds from the window's load event. Please make sure it has an appropriate `as` value and it is preloaded intentionally. @ https://idiomfragrances.com/products/3d-amp-100ml-copy?pb=0:0
[47031472ms] [WARNING] The resource https://idiomfragrances.com/cdn/shop/files/idiom_logo_black_150x45.png?v=1746711320 was preloaded using link preload but not used within a few seconds from the window's load event. Please make sure it has an appropriate `as` value and it is preloaded intentionally. @ https://idiomfragrances.com/products/3d-amp-100ml-copy?pb=0:0
[47033478ms] [ERROR] Failed to load resource: net::ERR_INTERNET_DISCONNECTED @ https://idiomfragrances.com/api/collect:0
[47036479ms] [WARNING] The resource https://idiomfragrances.com/cdn/shop/t/10/assets/loading.svg?v=91665432863842511931783077723 was preloaded using link preload but not used within a few seconds from the window's load event. Please make sure it has an appropriate `as` value and it is preloaded intentionally. @ https://idiomfragrances.com/products/3d-amp-100ml-copy?pb=0:0
[47036479ms] [WARNING] The resource https://idiomfragrances.com/cdn/shop/files/idiom_logo_black_150x45.png?v=1746711320 was preloaded using link preload but not used within a few seconds from the window's load event. Please make sure it has an appropriate `as` value and it is preloaded intentionally. @ https://idiomfragrances.com/products/3d-amp-100ml-copy?pb=0:0
[47038485ms] [ERROR] Failed to load resource: net::ERR_INTERNET_DISCONNECTED @ https://idiomfragrances.com/api/collect:0
[47041486ms] [WARNING] The resource https://idiomfragrances.com/cdn/shop/t/10/assets/loading.svg?v=91665432863842511931783077723 was preloaded using link preload but not used within a few seconds from the window's load event. Please make sure it has an appropriate `as` value and it is preloaded intentionally. @ https://idiomfragrances.com/products/3d-amp-100ml-copy?pb=0:0
[47041486ms] [WARNING] The resource https://idiomfragrances.com/cdn/shop/files/idiom_logo_black_150x45.png?v=1746711320 was preloaded using link preload but not used within a few seconds from the window's load event. Please make sure it has an appropriate `as` value and it is preloaded intentionally. @ https://idiomfragrances.com/products/3d-amp-100ml-copy?pb=0:0
[47055641ms] [WARNING] The resource https://idiomfragrances.com/cdn/shop/t/10/assets/loading.svg?v=91665432863842511931783077723 was preloaded using link preload but not used within a few seconds from the window's load event. Please make sure it has an appropriate `as` value and it is preloaded intentionally. @ https://idiomfragrances.com/products/3d-amp-100ml-copy?pb=0:0
[47055641ms] [WARNING] The resource https://idiomfragrances.com/cdn/shop/files/idiom_logo_black_150x45.png?v=1746711320 was preloaded using link preload but not used within a few seconds from the window's load event. Please make sure it has an appropriate `as` value and it is preloaded intentionally. @ https://idiomfragrances.com/products/3d-amp-100ml-copy?pb=0:0
[49075220ms] [ERROR] Failed to load resource: net::ERR_INTERNET_DISCONNECTED @ https://idiomfragrances.com/api/collect:0
[49076228ms] [ERROR] Failed to load resource: net::ERR_INTERNET_DISCONNECTED @ https://idiomfragrances.com/api/collect:0
[49084918ms] [ERROR] Failed to load resource: net::ERR_INTERNET_DISCONNECTED @ https://idiomfragrances.com/api/collect:0
[49086912ms] [ERROR] Failed to load resource: net::ERR_INTERNET_DISCONNECTED @ https://idiomfragrances.com/api/collect:0
[49088923ms] [ERROR] Failed to load resource: net::ERR_INTERNET_DISCONNECTED @ https://idiomfragrances.com/api/collect:0
[49091920ms] [ERROR] Failed to load resource: net::ERR_INTERNET_DISCONNECTED @ https://idiomfragrances.com/api/collect:0
[49094922ms] [WARNING] The resource https://idiomfragrances.com/cdn/shop/t/10/assets/loading.svg?v=91665432863842511931783077723 was preloaded using link preload but not used within a few seconds from the window's load event. Please make sure it has an appropriate `as` value and it is preloaded intentionally. @ https://idiomfragrances.com/products/3d-amp-100ml-copy?pb=0:0
[49094922ms] [WARNING] The resource https://idiomfragrances.com/cdn/shop/files/idiom_logo_black_150x45.png?v=1746711320 was preloaded using link preload but not used within a few seconds from the window's load event. Please make sure it has an appropriate `as` value and it is preloaded intentionally. @ https://idiomfragrances.com/products/3d-amp-100ml-copy?pb=0:0
[49096927ms] [ERROR] Failed to load resource: net::ERR_INTERNET_DISCONNECTED @ https://idiomfragrances.com/api/collect:0
[49099929ms] [WARNING] The resource https://idiomfragrances.com/cdn/shop/t/10/assets/loading.svg?v=91665432863842511931783077723 was preloaded using link preload but not used within a few seconds from the window's load event. Please make sure it has an appropriate `as` value and it is preloaded intentionally. @ https://idiomfragrances.com/products/3d-amp-100ml-copy?pb=0:0
[49099929ms] [WARNING] The resource https://idiomfragrances.com/cdn/shop/files/idiom_logo_black_150x45.png?v=1746711320 was preloaded using link preload but not used within a few seconds from the window's load event. Please make sure it has an appropriate `as` value and it is preloaded intentionally. @ https://idiomfragrances.com/products/3d-amp-100ml-copy?pb=0:0
[50011086ms] [ERROR] Failed to load resource: net::ERR_INTERNET_DISCONNECTED @ https://idiomfragrances.com/api/collect:0
[50014087ms] [WARNING] The resource https://idiomfragrances.com/cdn/shop/t/10/assets/loading.svg?v=91665432863842511931783077723 was preloaded using link preload but not used within a few seconds from the window's load event. Please make sure it has an appropriate `as` value and it is preloaded intentionally. @ https://idiomfragrances.com/products/3d-amp-100ml-copy?pb=0:0
[50014088ms] [WARNING] The resource https://idiomfragrances.com/cdn/shop/files/idiom_logo_black_150x45.png?v=1746711320 was preloaded using link preload but not used within a few seconds from the window's load event. Please make sure it has an appropriate `as` value and it is preloaded intentionally. @ https://idiomfragrances.com/products/3d-amp-100ml-copy?pb=0:0
[51036889ms] [ERROR] Failed to load resource: net::ERR_INTERNET_DISCONNECTED @ https://idiomfragrances.com/api/collect:0
[51039890ms] [WARNING] The resource https://idiomfragrances.com/cdn/shop/t/10/assets/loading.svg?v=91665432863842511931783077723 was preloaded using link preload but not used within a few seconds from the window's load event. Please make sure it has an appropriate `as` value and it is preloaded intentionally. @ https://idiomfragrances.com/products/3d-amp-100ml-copy?pb=0:0
[51039890ms] [WARNING] The resource https://idiomfragrances.com/cdn/shop/files/idiom_logo_black_150x45.png?v=1746711320 was preloaded using link preload but not used within a few seconds from the window's load event. Please make sure it has an appropriate `as` value and it is preloaded intentionally. @ https://idiomfragrances.com/products/3d-amp-100ml-copy?pb=0:0
[51135291ms] [ERROR] Failed to load resource: net::ERR_INTERNET_DISCONNECTED @ https://idiomfragrances.com/api/collect:0
[51138292ms] [WARNING] The resource https://idiomfragrances.com/cdn/shop/t/10/assets/loading.svg?v=91665432863842511931783077723 was preloaded using link preload but not used within a few seconds from the window's load event. Please make sure it has an appropriate `as` value and it is preloaded intentionally. @ https://idiomfragrances.com/products/3d-amp-100ml-copy?pb=0:0
[51138292ms] [WARNING] The resource https://idiomfragrances.com/cdn/shop/files/idiom_logo_black_150x45.png?v=1746711320 was preloaded using link preload but not used within a few seconds from the window's load event. Please make sure it has an appropriate `as` value and it is preloaded intentionally. @ https://idiomfragrances.com/products/3d-amp-100ml-copy?pb=0:0
[51140300ms] [ERROR] Failed to load resource: net::ERR_INTERNET_DISCONNECTED @ https://idiomfragrances.com/api/collect:0
[51143302ms] [WARNING] The resource https://idiomfragrances.com/cdn/shop/t/10/assets/loading.svg?v=91665432863842511931783077723 was preloaded using link preload but not used within a few seconds from the window's load event. Please make sure it has an appropriate `as` value and it is preloaded intentionally. @ https://idiomfragrances.com/products/3d-amp-100ml-copy?pb=0:0
[51143302ms] [WARNING] The resource https://idiomfragrances.com/cdn/shop/files/idiom_logo_black_150x45.png?v=1746711320 was preloaded using link preload but not used within a few seconds from the window's load event. Please make sure it has an appropriate `as` value and it is preloaded intentionally. @ https://idiomfragrances.com/products/3d-amp-100ml-copy?pb=0:0
[51145306ms] [ERROR] Failed to load resource: net::ERR_INTERNET_DISCONNECTED @ https://idiomfragrances.com/api/collect:0
[51148307ms] [WARNING] The resource https://idiomfragrances.com/cdn/shop/t/10/assets/loading.svg?v=91665432863842511931783077723 was preloaded using link preload but not used within a few seconds from the window's load event. Please make sure it has an appropriate `as` value and it is preloaded intentionally. @ https://idiomfragrances.com/products/3d-amp-100ml-copy?pb=0:0
[51148307ms] [WARNING] The resource https://idiomfragrances.com/cdn/shop/files/idiom_logo_black_150x45.png?v=1746711320 was preloaded using link preload but not used within a few seconds from the window's load event. Please make sure it has an appropriate `as` value and it is preloaded intentionally. @ https://idiomfragrances.com/products/3d-amp-100ml-copy?pb=0:0
[51150310ms] [ERROR] Failed to load resource: net::ERR_INTERNET_DISCONNECTED @ https://idiomfragrances.com/api/collect:0
[51153310ms] [WARNING] The resource https://idiomfragrances.com/cdn/shop/t/10/assets/loading.svg?v=91665432863842511931783077723 was preloaded using link preload but not used within a few seconds from the window's load event. Please make sure it has an appropriate `as` value and it is preloaded intentionally. @ https://idiomfragrances.com/products/3d-amp-100ml-copy?pb=0:0
[51153311ms] [WARNING] The resource https://idiomfragrances.com/cdn/shop/files/idiom_logo_black_150x45.png?v=1746711320 was preloaded using link preload but not used within a few seconds from the window's load event. Please make sure it has an appropriate `as` value and it is preloaded intentionally. @ https://idiomfragrances.com/products/3d-amp-100ml-copy?pb=0:0
[51155317ms] [ERROR] Failed to load resource: net::ERR_INTERNET_DISCONNECTED @ https://idiomfragrances.com/api/collect:0
[51158319ms] [WARNING] The resource https://idiomfragrances.com/cdn/shop/t/10/assets/loading.svg?v=91665432863842511931783077723 was preloaded using link preload but not used within a few seconds from the window's load event. Please make sure it has an appropriate `as` value and it is preloaded intentionally. @ https://idiomfragrances.com/products/3d-amp-100ml-copy?pb=0:0
[51158319ms] [WARNING] The resource https://idiomfragrances.com/cdn/shop/files/idiom_logo_black_150x45.png?v=1746711320 was preloaded using link preload but not used within a few seconds from the window's load event. Please make sure it has an appropriate `as` value and it is preloaded intentionally. @ https://idiomfragrances.com/products/3d-amp-100ml-copy?pb=0:0
[51915560ms] [ERROR] Failed to load resource: net::ERR_INTERNET_DISCONNECTED @ https://idiomfragrances.com/api/collect:0
[51918562ms] [WARNING] The resource https://idiomfragrances.com/cdn/shop/t/10/assets/loading.svg?v=91665432863842511931783077723 was preloaded using link preload but not used within a few seconds from the window's load event. Please make sure it has an appropriate `as` value and it is preloaded intentionally. @ https://idiomfragrances.com/products/3d-amp-100ml-copy?pb=0:0
[51918562ms] [WARNING] The resource https://idiomfragrances.com/cdn/shop/files/idiom_logo_black_150x45.png?v=1746711320 was preloaded using link preload but not used within a few seconds from the window's load event. Please make sure it has an appropriate `as` value and it is preloaded intentionally. @ https://idiomfragrances.com/products/3d-amp-100ml-copy?pb=0:0
[51920567ms] [ERROR] Failed to load resource: net::ERR_INTERNET_DISCONNECTED @ https://idiomfragrances.com/api/collect:0
[51923570ms] [WARNING] The resource https://idiomfragrances.com/cdn/shop/t/10/assets/loading.svg?v=91665432863842511931783077723 was preloaded using link preload but not used within a few seconds from the window's load event. Please make sure it has an appropriate `as` value and it is preloaded intentionally. @ https://idiomfragrances.com/products/3d-amp-100ml-copy?pb=0:0
[51923570ms] [WARNING] The resource https://idiomfragrances.com/cdn/shop/files/idiom_logo_black_150x45.png?v=1746711320 was preloaded using link preload but not used within a few seconds from the window's load event. Please make sure it has an appropriate `as` value and it is preloaded intentionally. @ https://idiomfragrances.com/products/3d-amp-100ml-copy?pb=0:0
[51925575ms] [ERROR] Failed to load resource: net::ERR_INTERNET_DISCONNECTED @ https://idiomfragrances.com/api/collect:0
[51928577ms] [WARNING] The resource https://idiomfragrances.com/cdn/shop/t/10/assets/loading.svg?v=91665432863842511931783077723 was preloaded using link preload but not used within a few seconds from the window's load event. Please make sure it has an appropriate `as` value and it is preloaded intentionally. @ https://idiomfragrances.com/products/3d-amp-100ml-copy?pb=0:0
[51928578ms] [WARNING] The resource https://idiomfragrances.com/cdn/shop/files/idiom_logo_black_150x45.png?v=1746711320 was preloaded using link preload but not used within a few seconds from the window's load event. Please make sure it has an appropriate `as` value and it is preloaded intentionally. @ https://idiomfragrances.com/products/3d-amp-100ml-copy?pb=0:0
[51930584ms] [ERROR] Failed to load resource: net::ERR_INTERNET_DISCONNECTED @ https://idiomfragrances.com/api/collect:0
[51933585ms] [WARNING] The resource https://idiomfragrances.com/cdn/shop/t/10/assets/loading.svg?v=91665432863842511931783077723 was preloaded using link preload but not used within a few seconds from the window's load event. Please make sure it has an appropriate `as` value and it is preloaded intentionally. @ https://idiomfragrances.com/products/3d-amp-100ml-copy?pb=0:0
[51933585ms] [WARNING] The resource https://idiomfragrances.com/cdn/shop/files/idiom_logo_black_150x45.png?v=1746711320 was preloaded using link preload but not used within a few seconds from the window's load event. Please make sure it has an appropriate `as` value and it is preloaded intentionally. @ https://idiomfragrances.com/products/3d-amp-100ml-copy?pb=0:0
[51935593ms] [ERROR] Failed to load resource: net::ERR_INTERNET_DISCONNECTED @ https://idiomfragrances.com/api/collect:0
[52884544ms] [WARNING] The resource https://idiomfragrances.com/cdn/shop/t/10/assets/loading.svg?v=91665432863842511931783077723 was preloaded using link preload but not used within a few seconds from the window's load event. Please make sure it has an appropriate `as` value and it is preloaded intentionally. @ https://idiomfragrances.com/products/3d-amp-100ml-copy?pb=0:0
[52884544ms] [WARNING] The resource https://idiomfragrances.com/cdn/shop/files/idiom_logo_black_150x45.png?v=1746711320 was preloaded using link preload but not used within a few seconds from the window's load event. Please make sure it has an appropriate `as` value and it is preloaded intentionally. @ https://idiomfragrances.com/products/3d-amp-100ml-copy?pb=0:0
[52886478ms] [ERROR] Failed to load resource: net::ERR_INTERNET_DISCONNECTED @ https://idiomfragrances.com/api/collect:0
[52889480ms] [WARNING] The resource https://idiomfragrances.com/cdn/shop/t/10/assets/loading.svg?v=91665432863842511931783077723 was preloaded using link preload but not used within a few seconds from the window's load event. Please make sure it has an appropriate `as` value and it is preloaded intentionally. @ https://idiomfragrances.com/products/3d-amp-100ml-copy?pb=0:0
[52889480ms] [WARNING] The resource https://idiomfragrances.com/cdn/shop/files/idiom_logo_black_150x45.png?v=1746711320 was preloaded using link preload but not used within a few seconds from the window's load event. Please make sure it has an appropriate `as` value and it is preloaded intentionally. @ https://idiomfragrances.com/products/3d-amp-100ml-copy?pb=0:0
[53914270ms] [ERROR] Failed to load resource: net::ERR_INTERNET_DISCONNECTED @ https://idiomfragrances.com/api/collect:0
[53917272ms] [WARNING] The resource https://idiomfragrances.com/cdn/shop/t/10/assets/loading.svg?v=91665432863842511931783077723 was preloaded using link preload but not used within a few seconds from the window's load event. Please make sure it has an appropriate `as` value and it is preloaded intentionally. @ https://idiomfragrances.com/products/3d-amp-100ml-copy?pb=0:0
[53917273ms] [WARNING] The resource https://idiomfragrances.com/cdn/shop/files/idiom_logo_black_150x45.png?v=1746711320 was preloaded using link preload but not used within a few seconds from the window's load event. Please make sure it has an appropriate `as` value and it is preloaded intentionally. @ https://idiomfragrances.com/products/3d-amp-100ml-copy?pb=0:0
[54969076ms] [ERROR] Failed to load resource: net::ERR_INTERNET_DISCONNECTED @ https://idiomfragrances.com/api/collect:0
[54972079ms] [WARNING] The resource https://idiomfragrances.com/cdn/shop/t/10/assets/loading.svg?v=91665432863842511931783077723 was preloaded using link preload but not used within a few seconds from the window's load event. Please make sure it has an appropriate `as` value and it is preloaded intentionally. @ https://idiomfragrances.com/products/3d-amp-100ml-copy?pb=0:0
[54972079ms] [WARNING] The resource https://idiomfragrances.com/cdn/shop/files/idiom_logo_black_150x45.png?v=1746711320 was preloaded using link preload but not used within a few seconds from the window's load event. Please make sure it has an appropriate `as` value and it is preloaded intentionally. @ https://idiomfragrances.com/products/3d-amp-100ml-copy?pb=0:0
[54982354ms] [ERROR] Failed to load resource: net::ERR_INTERNET_DISCONNECTED @ https://idiomfragrances.com/api/collect:0
[54985357ms] [WARNING] The resource https://idiomfragrances.com/cdn/shop/t/10/assets/loading.svg?v=91665432863842511931783077723 was preloaded using link preload but not used within a few seconds from the window's load event. Please make sure it has an appropriate `as` value and it is preloaded intentionally. @ https://idiomfragrances.com/products/3d-amp-100ml-copy?pb=0:0
[54985357ms] [WARNING] The resource https://idiomfragrances.com/cdn/shop/files/idiom_logo_black_150x45.png?v=1746711320 was preloaded using link preload but not used within a few seconds from the window's load event. Please make sure it has an appropriate `as` value and it is preloaded intentionally. @ https://idiomfragrances.com/products/3d-amp-100ml-copy?pb=0:0
[54987361ms] [ERROR] Failed to load resource: net::ERR_INTERNET_DISCONNECTED @ https://idiomfragrances.com/api/collect:0
[54990363ms] [WARNING] The resource https://idiomfragrances.com/cdn/shop/t/10/assets/loading.svg?v=91665432863842511931783077723 was preloaded using link preload but not used within a few seconds from the window's load event. Please make sure it has an appropriate `as` value and it is preloaded intentionally. @ https://idiomfragrances.com/products/3d-amp-100ml-copy?pb=0:0
[54990363ms] [WARNING] The resource https://idiomfragrances.com/cdn/shop/files/idiom_logo_black_150x45.png?v=1746711320 was preloaded using link preload but not used within a few seconds from the window's load event. Please make sure it has an appropriate `as` value and it is preloaded intentionally. @ https://idiomfragrances.com/products/3d-amp-100ml-copy?pb=0:0
[54992369ms] [ERROR] Failed to load resource: net::ERR_INTERNET_DISCONNECTED @ https://idiomfragrances.com/api/collect:0
[54995372ms] [WARNING] The resource https://idiomfragrances.com/cdn/shop/t/10/assets/loading.svg?v=91665432863842511931783077723 was preloaded using link preload but not used within a few seconds from the window's load event. Please make sure it has an appropriate `as` value and it is preloaded intentionally. @ https://idiomfragrances.com/products/3d-amp-100ml-copy?pb=0:0
[54995372ms] [WARNING] The resource https://idiomfragrances.com/cdn/shop/files/idiom_logo_black_150x45.png?v=1746711320 was preloaded using link preload but not used within a few seconds from the window's load event. Please make sure it has an appropriate `as` value and it is preloaded intentionally. @ https://idiomfragrances.com/products/3d-amp-100ml-copy?pb=0:0
[55311388ms] [ERROR] Failed to load resource: net::ERR_INTERNET_DISCONNECTED @ https://idiomfragrances.com/api/collect:0
[55314389ms] [WARNING] The resource https://idiomfragrances.com/cdn/shop/t/10/assets/loading.svg?v=91665432863842511931783077723 was preloaded using link preload but not used within a few seconds from the window's load event. Please make sure it has an appropriate `as` value and it is preloaded intentionally. @ https://idiomfragrances.com/products/3d-amp-100ml-copy?pb=0:0
[55314389ms] [WARNING] The resource https://idiomfragrances.com/cdn/shop/files/idiom_logo_black_150x45.png?v=1746711320 was preloaded using link preload but not used within a few seconds from the window's load event. Please make sure it has an appropriate `as` value and it is preloaded intentionally. @ https://idiomfragrances.com/products/3d-amp-100ml-copy?pb=0:0
[55316395ms] [ERROR] Failed to load resource: net::ERR_INTERNET_DISCONNECTED @ https://idiomfragrances.com/api/collect:0
[55319395ms] [WARNING] The resource https://idiomfragrances.com/cdn/shop/t/10/assets/loading.svg?v=91665432863842511931783077723 was preloaded using link preload but not used within a few seconds from the window's load event. Please make sure it has an appropriate `as` value and it is preloaded intentionally. @ https://idiomfragrances.com/products/3d-amp-100ml-copy?pb=0:0
[55319395ms] [WARNING] The resource https://idiomfragrances.com/cdn/shop/files/idiom_logo_black_150x45.png?v=1746711320 was preloaded using link preload but not used within a few seconds from the window's load event. Please make sure it has an appropriate `as` value and it is preloaded intentionally. @ https://idiomfragrances.com/products/3d-amp-100ml-copy?pb=0:0
[55321398ms] [ERROR] Failed to load resource: net::ERR_INTERNET_DISCONNECTED @ https://idiomfragrances.com/api/collect:0
[55324398ms] [WARNING] The resource https://idiomfragrances.com/cdn/shop/t/10/assets/loading.svg?v=91665432863842511931783077723 was preloaded using link preload but not used within a few seconds from the window's load event. Please make sure it has an appropriate `as` value and it is preloaded intentionally. @ https://idiomfragrances.com/products/3d-amp-100ml-copy?pb=0:0
[55324398ms] [WARNING] The resource https://idiomfragrances.com/cdn/shop/files/idiom_logo_black_150x45.png?v=1746711320 was preloaded using link preload but not used within a few seconds from the window's load event. Please make sure it has an appropriate `as` value and it is preloaded intentionally. @ https://idiomfragrances.com/products/3d-amp-100ml-copy?pb=0:0
[55326407ms] [ERROR] Failed to load resource: net::ERR_INTERNET_DISCONNECTED @ https://idiomfragrances.com/api/collect:0
[55329409ms] [WARNING] The resource https://idiomfragrances.com/cdn/shop/t/10/assets/loading.svg?v=91665432863842511931783077723 was preloaded using link preload but not used within a few seconds from the window's load event. Please make sure it has an appropriate `as` value and it is preloaded intentionally. @ https://idiomfragrances.com/products/3d-amp-100ml-copy?pb=0:0
[55329409ms] [WARNING] The resource https://idiomfragrances.com/cdn/shop/files/idiom_logo_black_150x45.png?v=1746711320 was preloaded using link preload but not used within a few seconds from the window's load event. Please make sure it has an appropriate `as` value and it is preloaded intentionally. @ https://idiomfragrances.com/products/3d-amp-100ml-copy?pb=0:0
[55331414ms] [ERROR] Failed to load resource: net::ERR_INTERNET_DISCONNECTED @ https://idiomfragrances.com/api/collect:0
[56296444ms] [WARNING] The resource https://idiomfragrances.com/cdn/shop/t/10/assets/loading.svg?v=91665432863842511931783077723 was preloaded using link preload but not used within a few seconds from the window's load event. Please make sure it has an appropriate `as` value and it is preloaded intentionally. @ https://idiomfragrances.com/products/3d-amp-100ml-copy?pb=0:0
[56296445ms] [WARNING] The resource https://idiomfragrances.com/cdn/shop/files/idiom_logo_black_150x45.png?v=1746711320 was preloaded using link preload but not used within a few seconds from the window's load event. Please make sure it has an appropriate `as` value and it is preloaded intentionally. @ https://idiomfragrances.com/products/3d-amp-100ml-copy?pb=0:0
[56298453ms] [ERROR] Failed to load resource: net::ERR_INTERNET_DISCONNECTED @ https://idiomfragrances.com/api/collect:0
[57286252ms] [WARNING] The resource https://idiomfragrances.com/cdn/shop/t/10/assets/loading.svg?v=91665432863842511931783077723 was preloaded using link preload but not used within a few seconds from the window's load event. Please make sure it has an appropriate `as` value and it is preloaded intentionally. @ https://idiomfragrances.com/products/3d-amp-100ml-copy?pb=0:0
[57286252ms] [WARNING] The resource https://idiomfragrances.com/cdn/shop/files/idiom_logo_black_150x45.png?v=1746711320 was preloaded using link preload but not used within a few seconds from the window's load event. Please make sure it has an appropriate `as` value and it is preloaded intentionally. @ https://idiomfragrances.com/products/3d-amp-100ml-copy?pb=0:0
[57288255ms] [ERROR] Failed to load resource: net::ERR_INTERNET_DISCONNECTED @ https://idiomfragrances.com/api/collect:0
[57564269ms] [WARNING] The resource https://idiomfragrances.com/cdn/shop/t/10/assets/loading.svg?v=91665432863842511931783077723 was preloaded using link preload but not used within a few seconds from the window's load event. Please make sure it has an appropriate `as` value and it is preloaded intentionally. @ https://idiomfragrances.com/products/3d-amp-100ml-copy?pb=0:0
[57564269ms] [WARNING] The resource https://idiomfragrances.com/cdn/shop/files/idiom_logo_black_150x45.png?v=1746711320 was preloaded using link preload but not used within a few seconds from the window's load event. Please make sure it has an appropriate `as` value and it is preloaded intentionally. @ https://idiomfragrances.com/products/3d-amp-100ml-copy?pb=0:0
[57566311ms] [ERROR] Failed to load resource: net::ERR_INTERNET_DISCONNECTED @ https://idiomfragrances.com/api/collect:0
[57569312ms] [WARNING] The resource https://idiomfragrances.com/cdn/shop/t/10/assets/loading.svg?v=91665432863842511931783077723 was preloaded using link preload but not used within a few seconds from the window's load event. Please make sure it has an appropriate `as` value and it is preloaded intentionally. @ https://idiomfragrances.com/products/3d-amp-100ml-copy?pb=0:0
[57569312ms] [WARNING] The resource https://idiomfragrances.com/cdn/shop/files/idiom_logo_black_150x45.png?v=1746711320 was preloaded using link preload but not used within a few seconds from the window's load event. Please make sure it has an appropriate `as` value and it is preloaded intentionally. @ https://idiomfragrances.com/products/3d-amp-100ml-copy?pb=0:0
[57575128ms] [WARNING] The resource https://idiomfragrances.com/cdn/shop/t/10/assets/loading.svg?v=91665432863842511931783077723 was preloaded using link preload but not used within a few seconds from the window's load event. Please make sure it has an appropriate `as` value and it is preloaded intentionally. @ https://idiomfragrances.com/products/3d-amp-100ml-copy?pb=0:0
[57575129ms] [WARNING] The resource https://idiomfragrances.com/cdn/shop/files/idiom_logo_black_150x45.png?v=1746711320 was preloaded using link preload but not used within a few seconds from the window's load event. Please make sure it has an appropriate `as` value and it is preloaded intentionally. @ https://idiomfragrances.com/products/3d-amp-100ml-copy?pb=0:0
