[     673ms] [LOG] AZ: Google Font & Custom Fonts v1.0.2 @ https://idiomfragrances.com/products/3d-amp-100ml-copy?variant=55611347698041:882
[    1305ms] [INFO] [HotReload] CLI hot reload disabled - No hot reload port specified. @ https://idiomfragrances.com/cdn/shopifycloud/theme-hot-reload/theme-hot-reload.js:316
[    6395ms] [VERBOSE] Rendering was performed in a subtree hidden by content-visibility. @ :3119
[    6398ms] [VERBOSE] Rendering was performed in a subtree hidden by content-visibility. @ :3119
[    6400ms] [VERBOSE] Rendering was performed in a subtree hidden by content-visibility. @ :2752
[   12903ms] [VERBOSE] Rendering was performed in a subtree hidden by content-visibility. @ :3119
[   12905ms] [VERBOSE] Rendering was performed in a subtree hidden by content-visibility. @ :3119
[   12906ms] [VERBOSE] Rendering was performed in a subtree hidden by content-visibility. @ :2752
[   20594ms] [ERROR] Failed to load resource: net::ERR_TIMED_OUT @ https://shop.app/checkouts/internal/preloads.js?locale=en-GB&shop_id=91491172729:0
[   26067ms] [WARNING] The resource https://idiomfragrances.com/cdn/shop/t/8/assets/loading.svg?v=91665432863842511931779072698 was preloaded using link preload but not used within a few seconds from the window's load event. Please make sure it has an appropriate `as` value and it is preloaded intentionally. @ https://idiomfragrances.com/products/3d-amp-100ml-copy?variant=55611347698041:0
[   26067ms] [WARNING] The resource https://idiomfragrances.com/cdn/shop/files/idiom_logo_black_150x45.png?v=1746711320 was preloaded using link preload but not used within a few seconds from the window's load event. Please make sure it has an appropriate `as` value and it is preloaded intentionally. @ https://idiomfragrances.com/products/3d-amp-100ml-copy?variant=55611347698041:0
[   26067ms] [WARNING] The resource https://idiomfragrances.com/cdn/shop/files/idiom_logo_transparent.png?v=1746700074&width=140 was preloaded using link preload but not used within a few seconds from the window's load event. Please make sure it has an appropriate `as` value and it is preloaded intentionally. @ https://idiomfragrances.com/products/3d-amp-100ml-copy?variant=55611347698041:0
[   27960ms] [VERBOSE] Rendering was performed in a subtree hidden by content-visibility. @ :3119
[   27961ms] [VERBOSE] Rendering was performed in a subtree hidden by content-visibility. @ :3119
[   27962ms] [VERBOSE] Rendering was performed in a subtree hidden by content-visibility. @ :2752
[   37846ms] [VERBOSE] Rendering was performed in a subtree hidden by content-visibility. @ :3119
[   37848ms] [VERBOSE] Rendering was performed in a subtree hidden by content-visibility. @ :3119
[   37849ms] [VERBOSE] Rendering was performed in a subtree hidden by content-visibility. @ :2752
[   42573ms] [WARNING] The resource https://idiomfragrances.com/cdn/shop/files/idiom_logo_black_150x45.png?v=1746711320 was preloaded using link preload but not used within a few seconds from the window's load event. Please make sure it has an appropriate `as` value and it is preloaded intentionally. @ https://idiomfragrances.com/products/3d-amp-100ml-copy?variant=55611347698041:0
[   42573ms] [WARNING] The resource https://idiomfragrances.com/cdn/shop/t/8/assets/loading.svg?v=91665432863842511931779072698 was preloaded using link preload but not used within a few seconds from the window's load event. Please make sure it has an appropriate `as` value and it is preloaded intentionally. @ https://idiomfragrances.com/products/3d-amp-100ml-copy?variant=55611347698041:0
[   42698ms] [VERBOSE] Rendering was performed in a subtree hidden by content-visibility. @ :3119
[   42700ms] [VERBOSE] Rendering was performed in a subtree hidden by content-visibility. @ :3119
[   42701ms] [VERBOSE] Rendering was performed in a subtree hidden by content-visibility. @ :2752
